Archive member included because of file (symbol)

libgcc/libgcc.a(_udivsi3.o)   build/malloc.o (__aeabi_uidiv)
libgcc/libgcc.a(_divsi3.o)    build/stdio.o (__aeabi_idivmod)
libgcc/libgcc.a(_dvmd_tls.o)  libgcc/libgcc.a(_udivsi3.o) (__aeabi_idiv0)
libgcc/libgcc.a(_aeabi_uldivmod.o)
                              build/stdio.o (__aeabi_uldivmod)
libgcc/libgcc.a(bpabi.o)      libgcc/libgcc.a(_aeabi_uldivmod.o) (__gnu_uldivmod_helper)
libgcc/libgcc.a(_divdi3.o)    libgcc/libgcc.a(bpabi.o) (__divdi3)
libgcc/libgcc.a(_udivdi3.o)   libgcc/libgcc.a(bpabi.o) (__udivdi3)
libgcc/libgcc.a(unwind-arm.o)
                              libgcc/libgcc.a(_divdi3.o) (__aeabi_unwind_cpp_pr0)
libgcc/libgcc.a(libunwind.o)  libgcc/libgcc.a(unwind-arm.o) (restore_core_regs)
libgcc/libgcc.a(pr-support.o)
                              libgcc/libgcc.a(unwind-arm.o) (__gnu_unwind_execute)
libgcc/libgcc.a(_clzsi2.o)    libgcc/libgcc.a(_divdi3.o) (__clzsi2)

Discarded input sections

 .ARM.attributes
                0x0000000000000000       0x14 build/contextSwitch.o
 .ARM.attributes
                0x0000000000000000       0x14 build/drawing.o
 .ARM.attributes
                0x0000000000000000       0x14 build/frameBufferInfo.o
 .ARM.attributes
                0x0000000000000000       0x14 build/gpioFunction.o
 .ARM.attributes
                0x0000000000000000       0x14 build/interruptsHandlers.o
 .ARM.attributes
                0x0000000000000000       0x14 build/mailbox.o
 .ARM.attributes
                0x0000000000000000       0x14 build/memoryCopy.o
 .ARM.attributes
                0x0000000000000000       0x14 build/start.o
 .comment       0x0000000000000000       0x20 build/bitmap.o
 .ARM.attributes
                0x0000000000000000       0x38 build/bitmap.o
 .comment       0x0000000000000000       0x20 build/console.o
 .ARM.attributes
                0x0000000000000000       0x38 build/console.o
 .comment       0x0000000000000000       0x20 build/debug.o
 .ARM.attributes
                0x0000000000000000       0x38 build/debug.o
 .comment       0x0000000000000000       0x20 build/framebuffer.o
 .ARM.attributes
                0x0000000000000000       0x38 build/framebuffer.o
 .comment       0x0000000000000000       0x20 build/gpio.o
 .ARM.attributes
                0x0000000000000000       0x38 build/gpio.o
 .comment       0x0000000000000000       0x20 build/hash.o
 .ARM.attributes
                0x0000000000000000       0x38 build/hash.o
 .comment       0x0000000000000000       0x20 build/init.o
 .ARM.attributes
                0x0000000000000000       0x38 build/init.o
 .comment       0x0000000000000000       0x20 build/list.o
 .ARM.attributes
                0x0000000000000000       0x38 build/list.o
 .comment       0x0000000000000000       0x20 build/interrupt.o
 .ARM.attributes
                0x0000000000000000       0x38 build/interrupt.o
 .comment       0x0000000000000000       0x20 build/malloc.o
 .ARM.attributes
                0x0000000000000000       0x38 build/malloc.o
 .comment       0x0000000000000000       0x20 build/palloc.o
 .ARM.attributes
                0x0000000000000000       0x38 build/palloc.o
 .comment       0x0000000000000000       0x20 build/random.o
 .ARM.attributes
                0x0000000000000000       0x38 build/random.o
 .comment       0x0000000000000000       0x20 build/serial.o
 .ARM.attributes
                0x0000000000000000       0x38 build/serial.o
 .comment       0x0000000000000000       0x20 build/stdio.o
 .ARM.attributes
                0x0000000000000000       0x38 build/stdio.o
 .comment       0x0000000000000000       0x20 build/stdlib.o
 .ARM.attributes
                0x0000000000000000       0x38 build/stdlib.o
 .comment       0x0000000000000000       0x20 build/string.o
 .ARM.attributes
                0x0000000000000000       0x38 build/string.o
 .comment       0x0000000000000000       0x20 build/synch.o
 .ARM.attributes
                0x0000000000000000       0x38 build/synch.o
 .comment       0x0000000000000000       0x20 build/timer.o
 .ARM.attributes
                0x0000000000000000       0x38 build/timer.o
 .comment       0x0000000000000000       0x20 build/thread.o
 .ARM.attributes
                0x0000000000000000       0x38 build/thread.o
 .comment       0x0000000000000000       0x20 build/video.o
 .ARM.attributes
                0x0000000000000000       0x38 build/video.o
 .debug_frame   0x0000000000000000       0x20 libgcc/libgcc.a(_udivsi3.o)
 .ARM.attributes
                0x0000000000000000       0x18 libgcc/libgcc.a(_udivsi3.o)
 .debug_line    0x0000000000000000       0x8a libgcc/libgcc.a(_udivsi3.o)
 .debug_info    0x0000000000000000       0x99 libgcc/libgcc.a(_udivsi3.o)
 .debug_abbrev  0x0000000000000000       0x14 libgcc/libgcc.a(_udivsi3.o)
 .debug_aranges
                0x0000000000000000       0x20 libgcc/libgcc.a(_udivsi3.o)
 .debug_frame   0x0000000000000000       0x20 libgcc/libgcc.a(_divsi3.o)
 .ARM.attributes
                0x0000000000000000       0x18 libgcc/libgcc.a(_divsi3.o)
 .debug_line    0x0000000000000000       0x96 libgcc/libgcc.a(_divsi3.o)
 .debug_info    0x0000000000000000       0x99 libgcc/libgcc.a(_divsi3.o)
 .debug_abbrev  0x0000000000000000       0x14 libgcc/libgcc.a(_divsi3.o)
 .debug_aranges
                0x0000000000000000       0x20 libgcc/libgcc.a(_divsi3.o)
 .ARM.attributes
                0x0000000000000000       0x18 libgcc/libgcc.a(_dvmd_tls.o)
 .debug_line    0x0000000000000000       0x61 libgcc/libgcc.a(_dvmd_tls.o)
 .debug_info    0x0000000000000000       0x99 libgcc/libgcc.a(_dvmd_tls.o)
 .debug_abbrev  0x0000000000000000       0x14 libgcc/libgcc.a(_dvmd_tls.o)
 .debug_aranges
                0x0000000000000000       0x20 libgcc/libgcc.a(_dvmd_tls.o)
 .ARM.attributes
                0x0000000000000000       0x18 libgcc/libgcc.a(_aeabi_uldivmod.o)
 .debug_line    0x0000000000000000       0x66 libgcc/libgcc.a(_aeabi_uldivmod.o)
 .debug_info    0x0000000000000000       0x95 libgcc/libgcc.a(_aeabi_uldivmod.o)
 .debug_abbrev  0x0000000000000000       0x14 libgcc/libgcc.a(_aeabi_uldivmod.o)
 .debug_aranges
                0x0000000000000000       0x20 libgcc/libgcc.a(_aeabi_uldivmod.o)
 .debug_info    0x0000000000000000      0x174 libgcc/libgcc.a(bpabi.o)
 .debug_abbrev  0x0000000000000000       0xb7 libgcc/libgcc.a(bpabi.o)
 .debug_loc     0x0000000000000000       0xe0 libgcc/libgcc.a(bpabi.o)
 .debug_aranges
                0x0000000000000000       0x20 libgcc/libgcc.a(bpabi.o)
 .debug_line    0x0000000000000000       0x67 libgcc/libgcc.a(bpabi.o)
 .debug_str     0x0000000000000000       0xef libgcc/libgcc.a(bpabi.o)
 .comment       0x0000000000000000       0x12 libgcc/libgcc.a(bpabi.o)
 .ARM.attributes
                0x0000000000000000       0x30 libgcc/libgcc.a(bpabi.o)
 .debug_frame   0x0000000000000000       0x54 libgcc/libgcc.a(bpabi.o)
 .debug_info    0x0000000000000000      0x5ec libgcc/libgcc.a(_divdi3.o)
 .debug_abbrev  0x0000000000000000      0x165 libgcc/libgcc.a(_divdi3.o)
 .debug_loc     0x0000000000000000      0xb77 libgcc/libgcc.a(_divdi3.o)
 .debug_aranges
                0x0000000000000000       0x20 libgcc/libgcc.a(_divdi3.o)
 .debug_ranges  0x0000000000000000       0xc8 libgcc/libgcc.a(_divdi3.o)
 .debug_line    0x0000000000000000       0xdb libgcc/libgcc.a(_divdi3.o)
 .debug_str     0x0000000000000000      0x1a3 libgcc/libgcc.a(_divdi3.o)
 .comment       0x0000000000000000       0x12 libgcc/libgcc.a(_divdi3.o)
 .ARM.attributes
                0x0000000000000000       0x30 libgcc/libgcc.a(_divdi3.o)
 .debug_frame   0x0000000000000000       0x38 libgcc/libgcc.a(_divdi3.o)
 .debug_info    0x0000000000000000      0x5ab libgcc/libgcc.a(_udivdi3.o)
 .debug_abbrev  0x0000000000000000      0x154 libgcc/libgcc.a(_udivdi3.o)
 .debug_loc     0x0000000000000000      0xc8c libgcc/libgcc.a(_udivdi3.o)
 .debug_aranges
                0x0000000000000000       0x20 libgcc/libgcc.a(_udivdi3.o)
 .debug_ranges  0x0000000000000000       0xd8 libgcc/libgcc.a(_udivdi3.o)
 .debug_line    0x0000000000000000       0xce libgcc/libgcc.a(_udivdi3.o)
 .debug_str     0x0000000000000000      0x1a4 libgcc/libgcc.a(_udivdi3.o)
 .comment       0x0000000000000000       0x12 libgcc/libgcc.a(_udivdi3.o)
 .ARM.attributes
                0x0000000000000000       0x30 libgcc/libgcc.a(_udivdi3.o)
 .debug_frame   0x0000000000000000       0x38 libgcc/libgcc.a(_udivdi3.o)
 .debug_info    0x0000000000000000     0x1d4d libgcc/libgcc.a(unwind-arm.o)
 .debug_abbrev  0x0000000000000000      0x48f libgcc/libgcc.a(unwind-arm.o)
 .debug_loc     0x0000000000000000     0x18d0 libgcc/libgcc.a(unwind-arm.o)
 .debug_aranges
                0x0000000000000000       0x20 libgcc/libgcc.a(unwind-arm.o)
 .debug_ranges  0x0000000000000000      0x138 libgcc/libgcc.a(unwind-arm.o)
 .debug_line    0x0000000000000000      0x538 libgcc/libgcc.a(unwind-arm.o)
 .debug_str     0x0000000000000000      0xb7f libgcc/libgcc.a(unwind-arm.o)
 .comment       0x0000000000000000       0x12 libgcc/libgcc.a(unwind-arm.o)
 .ARM.attributes
                0x0000000000000000       0x30 libgcc/libgcc.a(unwind-arm.o)
 .debug_frame   0x0000000000000000      0x290 libgcc/libgcc.a(unwind-arm.o)
 .ARM.attributes
                0x0000000000000000       0x1c libgcc/libgcc.a(libunwind.o)
 .debug_line    0x0000000000000000       0xaf libgcc/libgcc.a(libunwind.o)
 .debug_info    0x0000000000000000       0x99 libgcc/libgcc.a(libunwind.o)
 .debug_abbrev  0x0000000000000000       0x14 libgcc/libgcc.a(libunwind.o)
 .debug_aranges
                0x0000000000000000       0x20 libgcc/libgcc.a(libunwind.o)
 .debug_info    0x0000000000000000      0xa5b libgcc/libgcc.a(pr-support.o)
 .debug_abbrev  0x0000000000000000      0x26c libgcc/libgcc.a(pr-support.o)
 .debug_loc     0x0000000000000000      0x652 libgcc/libgcc.a(pr-support.o)
 .debug_aranges
                0x0000000000000000       0x20 libgcc/libgcc.a(pr-support.o)
 .debug_ranges  0x0000000000000000       0x48 libgcc/libgcc.a(pr-support.o)
 .debug_line    0x0000000000000000      0x1c4 libgcc/libgcc.a(pr-support.o)
 .debug_str     0x0000000000000000      0x4de libgcc/libgcc.a(pr-support.o)
 .comment       0x0000000000000000       0x12 libgcc/libgcc.a(pr-support.o)
 .ARM.attributes
                0x0000000000000000       0x30 libgcc/libgcc.a(pr-support.o)
 .debug_frame   0x0000000000000000       0xe4 libgcc/libgcc.a(pr-support.o)
 .ARM.attributes
                0x0000000000000000       0x18 libgcc/libgcc.a(_clzsi2.o)
 .debug_line    0x0000000000000000       0x6e libgcc/libgcc.a(_clzsi2.o)
 .debug_info    0x0000000000000000       0x99 libgcc/libgcc.a(_clzsi2.o)
 .debug_abbrev  0x0000000000000000       0x14 libgcc/libgcc.a(_clzsi2.o)
 .debug_aranges
                0x0000000000000000       0x20 libgcc/libgcc.a(_clzsi2.o)

Memory Configuration

Name             Origin             Length             Attributes
*default*        0x0000000000000000 0xffffffffffffffff

Linker script and memory map

LOAD build/contextSwitch.o
LOAD build/drawing.o
LOAD build/frameBufferInfo.o
LOAD build/gpioFunction.o
LOAD build/interruptsHandlers.o
LOAD build/mailbox.o
LOAD build/memoryCopy.o
LOAD build/start.o
LOAD build/bitmap.o
LOAD build/console.o
LOAD build/debug.o
LOAD build/framebuffer.o
LOAD build/gpio.o
LOAD build/hash.o
LOAD build/init.o
LOAD build/list.o
LOAD build/interrupt.o
LOAD build/malloc.o
LOAD build/palloc.o
LOAD build/random.o
LOAD build/serial.o
LOAD build/stdio.o
LOAD build/stdlib.o
LOAD build/string.o
LOAD build/synch.o
LOAD build/timer.o
LOAD build/thread.o
LOAD build/video.o

.init           0x0000000000008000       0x8c
 *(.init)
 .init          0x0000000000008000       0x8c build/start.o
                0x0000000000008000                _start

.text           0x000000000000808c     0xd978
 *(.text)
 .text          0x000000000000808c       0xd4 build/contextSwitch.o
                0x000000000000808c                save_context
                0x00000000000080e8                save_and_switch_context
 .text          0x0000000000008160      0x178 build/drawing.o
                0x0000000000008160                SetForeColour
                0x0000000000008178                GetForeColour
                0x0000000000008184                SetGraphicsAddress
                0x0000000000008190                GetGraphicsAddress
                0x000000000000819c                DrawPixel
                0x00000000000081e4                DrawLine
                0x0000000000008260                DrawCharacter
 .text          0x00000000000082d8       0x60 build/frameBufferInfo.o
                0x00000000000082d8                InitialiseFrameBuffer
 .text          0x0000000000008338       0x98 build/gpioFunction.o
                0x0000000000008338                GetGpioAddress
                0x0000000000008340                SetGpioFunction
                0x0000000000008390                SetGpio
 .text          0x00000000000083d0      0x130 build/interruptsHandlers.o
                0x00000000000083d0                print_executing_interrupt
                0x00000000000083e0                generate_swi_interrupt
                0x00000000000083e8                swi_handler_int
                0x000000000000844c                irq_handler_int
                0x00000000000084ac                get_cpsr_value
                0x00000000000084b4                enable_irq_interruptions
                0x00000000000084c4                disable_irq_interruptions
                0x00000000000084d4                enable_fiq_interruptions
                0x00000000000084e4                disable_fiq_interruptions
                0x00000000000084f4                get_current_sp
 .text          0x0000000000008500       0x6c build/mailbox.o
                0x0000000000008500                GetMailboxBase
                0x0000000000008508                MailboxRead
                0x000000000000853c                MailboxWrite
 .text          0x000000000000856c       0x70 build/memoryCopy.o
                0x000000000000856c                memory_fastest_copy
                0x00000000000085bc                memory_fast_copy
 .text          0x00000000000085dc        0x0 build/start.o
 .text          0x00000000000085dc      0x9e4 build/bitmap.o
                0x000000000000868c                bitmap_create
                0x0000000000008730                bitmap_create_in_buf
                0x00000000000087c0                bitmap_buf_size
                0x00000000000087ec                bitmap_destroy
                0x0000000000008828                bitmap_size
                0x0000000000008850                bitmap_set
                0x00000000000088f0                bitmap_test
                0x00000000000089a4                bitmap_set_all
                0x0000000000008a0c                bitmap_set_multiple
                0x0000000000008afc                bitmap_mark
                0x0000000000008b68                bitmap_reset
                0x0000000000008bd8                bitmap_contains
                0x0000000000008ce0                bitmap_any
                0x0000000000008d1c                bitmap_none
                0x0000000000008d78                bitmap_all
                0x0000000000008dd4                bitmap_scan
                0x0000000000008ef4                bitmap_scan_and_flip
                0x0000000000008f78                bitmap_dump
 .text          0x0000000000008fc0      0x3b8 build/console.o
                0x0000000000008fc0                console_init
                0x0000000000008fe8                console_panic
                0x000000000000900c                console_print_stats
                0x000000000000917c                vprintf
                0x00000000000091c8                puts
                0x0000000000009224                putbuf
                0x0000000000009278                putchar
 .text          0x0000000000009378      0x128 build/debug.o
                0x0000000000009378                debug_panic
                0x00000000000093fc                debug_print_bits_int
                0x0000000000009478                abort
 .text          0x00000000000094a0       0x58 build/framebuffer.o
                0x00000000000094a0                framebuffer_init
 .text          0x00000000000094f8       0x50 build/gpio.o
                0x00000000000094f8                gpio_enable_function
                0x0000000000009520                gpio_set_register
 .text          0x0000000000009548      0xc28 build/hash.o
                0x0000000000009548                hash_init
                0x00000000000095f8                hash_clear
                0x00000000000096cc                hash_destroy
                0x0000000000009710                hash_insert
                0x000000000000977c                hash_replace
                0x00000000000097f4                hash_find
                0x0000000000009838                hash_delete
                0x00000000000098a0                hash_apply
                0x000000000000998c                hash_first
                0x0000000000009a38                hash_next
                0x0000000000009b54                hash_cur
                0x0000000000009b7c                hash_size
                0x0000000000009ba4                hash_empty
                0x0000000000009bdc                hash_bytes
                0x0000000000009c80                hash_string
                0x0000000000009d1c                hash_int
 .text          0x000000000000a170      0x4fc build/init.o
                0x000000000000a19c                init
 .text          0x000000000000a66c     0x1280 build/list.o
                0x000000000000a78c                list_init
                0x000000000000a804                list_begin
                0x000000000000a854                list_next
                0x000000000000a8c0                list_end
                0x000000000000a910                list_rbegin
                0x000000000000a960                list_prev
                0x000000000000a9cc                list_rend
                0x000000000000aa18                list_head
                0x000000000000aa64                list_tail
                0x000000000000aab4                list_insert
                0x000000000000ab70                list_splice
                0x000000000000aca8                list_push_front
                0x000000000000acdc                list_push_back
                0x000000000000ad10                list_remove
                0x000000000000ad90                list_pop_front
                0x000000000000adc4                list_pop_back
                0x000000000000adf8                list_front
                0x000000000000ae5c                list_back
                0x000000000000aec0                list_size
                0x000000000000af28                list_empty
                0x000000000000afb4                list_reverse
                0x000000000000b3c8                list_sort
                0x000000000000b558                list_insert_ordered
                0x000000000000b658                list_unique
                0x000000000000b79c                list_max
                0x000000000000b844                list_min
 .text          0x000000000000b8ec      0x9c4 build/interrupt.o
                0x000000000000b8ec                interrupts_init
                0x000000000000b994                interrupts_register_irq
                0x000000000000ba10                interrupts_register_swi
                0x000000000000ba50                interrupts_get_irq_name
                0x000000000000baa8                interrupts_get_swi_name
                0x000000000000bacc                interrupts_get_level
                0x000000000000bb04                interrupts_set_level
                0x000000000000bb44                interrupts_enable
                0x000000000000bb70                interrupts_disable
                0x000000000000bb9c                interrupts_print_status
                0x000000000000bc38                interrupts_context
                0x000000000000bc5c                interrupts_was_irq_generated
                0x000000000000bc80                interrupts_yield_on_return
                0x000000000000bca4                interrupts_dispatch_irq
                0x000000000000beec                interrupts_dispatch_swi
                0x000000000000bfa0                interrupts_debug
 .text          0x000000000000c2b0      0x8b0 build/malloc.o
                0x000000000000c308                malloc_init
                0x000000000000c410                malloc
                0x000000000000c670                calloc
                0x000000000000c768                realloc
                0x000000000000c808                free
 .text          0x000000000000cb60      0x578 build/palloc.o
                0x000000000000cbb4                palloc_init
                0x000000000000cc88                palloc_get_multiple
                0x000000000000cdbc                palloc_get_page
                0x000000000000cdf0                palloc_free_multiple
                0x000000000000cf58                palloc_free_page
 .text          0x000000000000d0d8      0x2b8 build/random.o
                0x000000000000d120                random_init
                0x000000000000d23c                random_bytes
                0x000000000000d364                random_ulong
 .text          0x000000000000d390      0x338 build/serial.o
                0x000000000000d390                serial_init
                0x000000000000d3a0                serial_putc
                0x000000000000d3c8                serial_flush
                0x000000000000d3dc                serial_notify
                0x000000000000d484                uart_init
                0x000000000000d544                uart_putc_helper
                0x000000000000d594                uart_putc
                0x000000000000d5e8                uart_getc
                0x000000000000d62c                uart_write
                0x000000000000d688                uart_puts
                0x000000000000d6b8                test_serial
 .text          0x000000000000d6c8     0x1764 build/stdio.o
                0x000000000000d750                vsnprintf
                0x000000000000d848                snprintf
                0x000000000000d898                printf
                0x000000000000d8d8                __vprintf
                0x000000000000ea7c                __printf
                0x000000000000eac0                hex_dump
                0x000000000000ed78                print_human_readable_size
 .text          0x000000000000ee2c      0x764 build/stdlib.o
                0x000000000000eee4                atoi
                0x000000000000f06c                qsort
                0x000000000000f2fc                sort
                0x000000000000f448                bsearch
                0x000000000000f49c                binary_search
 .text          0x000000000000f590      0xcf0 build/string.o
                0x000000000000f590                memcpy
                0x000000000000f664                memmove
                0x000000000000f7ac                memcmp
                0x000000000000f8b8                strcmp
                0x000000000000f9b8                memchr
                0x000000000000fa68                strchr
                0x000000000000fb00                strcspn
                0x000000000000fb80                strpbrk
                0x000000000000fbec                strrchr
                0x000000000000fc60                strspn
                0x000000000000fce0                strstr
                0x000000000000fd94                strtok_r
                0x000000000000ff08                memset
                0x000000000000ffa4                strlen
                0x0000000000010024                strnlen
                0x000000000001008c                strlcpy
                0x0000000000010164                strlcat
 .text          0x0000000000010280      0x950 build/synch.o
                0x0000000000010280                sema_init
                0x00000000000102e4                sema_down
                0x00000000000103b8                sema_try_down
                0x0000000000010454                sema_up
                0x000000000001050c                sema_self_test
                0x00000000000105fc                lock_init
                0x0000000000010660                lock_acquire
                0x0000000000010720                lock_try_acquire
                0x00000000000107d0                lock_release
                0x0000000000010858                lock_held_by_current_thread
                0x00000000000108c0                cond_init
                0x0000000000010914                cond_wait
                0x0000000000010a24                cond_signal
                0x0000000000010b30                cond_broadcast
 .text          0x0000000000010bd0      0x1cc build/timer.o
                0x0000000000010bd0                timer_init
                0x0000000000010c10                timer_get_timestamp
                0x0000000000010c34                timer_msleep
 .text          0x0000000000010d9c     0x12a0 build/thread.o
                0x0000000000010dc8                thread_init
                0x0000000000011058                thread_start
                0x00000000000110a8                thread_tick
                0x0000000000011150                thread_print_stats
                0x000000000001119c                thread_create
                0x000000000001135c                thread_block
                0x00000000000113e0                thread_unblock
                0x0000000000011490                thread_name
                0x00000000000114ac                thread_current
                0x0000000000011530                thread_tid
                0x000000000001154c                thread_exit
                0x000000000001161c                thread_yield
                0x00000000000119d8                thread_schedule_tail
                0x0000000000011ac8                thread_foreach
                0x0000000000011b70                thread_set_priority
                0x0000000000011b98                thread_get_priority
                0x0000000000011bb4                thread_set_nice
                0x0000000000011bd0                thread_get_nice
                0x0000000000011bec                thread_get_load_avg
                0x0000000000011c08                thread_get_recent_cpu
                0x0000000000011e3c                list_pri_high
                0x0000000000011ee8                getNumberOfThreads
 .text          0x000000000001203c      0x958 build/video.o
                0x000000000001203c                video_init
                0x00000000000120b8                video_clean
                0x000000000001216c                video_putc
 .text          0x0000000000012994      0x114 libgcc/libgcc.a(_udivsi3.o)
                0x0000000000012994                __udivsi3
                0x0000000000012994                __aeabi_uidiv
                0x0000000000012a88                __aeabi_uidivmod
 .text          0x0000000000012aa8      0x148 libgcc/libgcc.a(_divsi3.o)
                0x0000000000012aa8                __aeabi_idiv
                0x0000000000012aa8                __divsi3
                0x0000000000012bd0                __aeabi_idivmod
 .text          0x0000000000012bf0        0x4 libgcc/libgcc.a(_dvmd_tls.o)
                0x0000000000012bf0                __aeabi_ldiv0
                0x0000000000012bf0                __aeabi_idiv0
 .text          0x0000000000012bf4       0x3c libgcc/libgcc.a(_aeabi_uldivmod.o)
                0x0000000000012bf4                __aeabi_uldivmod
 .text          0x0000000000012c30       0x84 libgcc/libgcc.a(bpabi.o)
                0x0000000000012c30                __gnu_ldivmod_helper
                0x0000000000012c74                __gnu_uldivmod_helper
 .text          0x0000000000012cb4      0x4f8 libgcc/libgcc.a(_divdi3.o)
                0x0000000000012cb4                __divdi3
 .text          0x00000000000131ac      0x498 libgcc/libgcc.a(_udivdi3.o)
                0x00000000000131ac                __udivdi3
 .text          0x0000000000013644      0xfb0 libgcc/libgcc.a(unwind-arm.o)
                0x0000000000013acc                _Unwind_GetCFA
                0x0000000000013ad4                __gnu_Unwind_RaiseException
                0x0000000000013b80                __gnu_Unwind_ForcedUnwind
                0x0000000000013ba4                __gnu_Unwind_Resume
                0x0000000000013c1c                __gnu_Unwind_Resume_or_Rethrow
                0x0000000000013c3c                _Unwind_Complete
                0x0000000000013c40                _Unwind_DeleteException
                0x0000000000013c64                _Unwind_VRS_Get
                0x0000000000013cd8                _Unwind_VRS_Set
                0x000000000001417c                __aeabi_unwind_cpp_pr2
                0x0000000000014184                __aeabi_unwind_cpp_pr1
                0x000000000001418c                __aeabi_unwind_cpp_pr0
                0x0000000000014194                __gnu_Unwind_Backtrace
                0x0000000000014260                _Unwind_VRS_Pop
 .text          0x00000000000145f4      0x1b0 libgcc/libgcc.a(libunwind.o)
                0x00000000000145f4                __restore_core_regs
                0x00000000000145f4                restore_core_regs
                0x0000000000014610                __gnu_Unwind_Restore_VFP
                0x0000000000014618                __gnu_Unwind_Save_VFP
                0x0000000000014620                __gnu_Unwind_Restore_VFP_D
                0x0000000000014628                __gnu_Unwind_Save_VFP_D
                0x0000000000014630                __gnu_Unwind_Restore_VFP_D_16_to_31
                0x0000000000014638                __gnu_Unwind_Save_VFP_D_16_to_31
                0x0000000000014640                __gnu_Unwind_Restore_WMMXD
                0x0000000000014684                __gnu_Unwind_Save_WMMXD
                0x00000000000146c8                __gnu_Unwind_Restore_WMMXC
                0x00000000000146dc                __gnu_Unwind_Save_WMMXC
                0x00000000000146f0                ___Unwind_RaiseException
                0x00000000000146f0                _Unwind_RaiseException
                0x0000000000014714                ___Unwind_Resume
                0x0000000000014714                _Unwind_Resume
                0x0000000000014738                _Unwind_Resume_or_Rethrow
                0x0000000000014738                ___Unwind_Resume_or_Rethrow
                0x000000000001475c                ___Unwind_ForcedUnwind
                0x000000000001475c                _Unwind_ForcedUnwind
                0x0000000000014780                _Unwind_Backtrace
                0x0000000000014780                ___Unwind_Backtrace
 .text          0x00000000000147a4      0x53c libgcc/libgcc.a(pr-support.o)
                0x0000000000014838                __gnu_unwind_execute
                0x0000000000014c54                __gnu_unwind_frame
                0x0000000000014c9c                _Unwind_GetRegionStart
                0x0000000000014cb0                _Unwind_GetLanguageSpecificData
                0x0000000000014cd0                _Unwind_GetDataRelBase
                0x0000000000014cd8                _Unwind_GetTextRelBase
 .text          0x0000000000014ce0       0x48 libgcc/libgcc.a(_clzsi2.o)
                0x0000000000014ce0                __clzsi2
 *(.rodata)
 .rodata        0x0000000000014d28       0x98 build/bitmap.o
 .rodata        0x0000000000014dc0       0x64 build/console.o
 .rodata        0x0000000000014e24       0x70 build/debug.o
 .rodata        0x0000000000014e94       0x6c build/hash.o
 .rodata        0x0000000000014f00      0x178 build/init.o
 .rodata        0x0000000000015078      0x11c build/list.o
 .rodata        0x0000000000015194      0x184 build/interrupt.o
 .rodata        0x0000000000015318       0x78 build/malloc.o
 .rodata        0x0000000000015390       0xf8 build/palloc.o
 .rodata        0x0000000000015488      0x134 build/stdio.o
 .rodata        0x00000000000155bc       0x34 build/stdlib.o
 .rodata        0x00000000000155f0       0x80 build/string.o
 .rodata        0x0000000000015670       0xf0 build/synch.o
 .rodata        0x0000000000015760       0x30 build/timer.o
 .rodata        0x0000000000015790      0x274 build/thread.o

.data           0x0000000000016000     0x2060
 *(.data)
 .data          0x0000000000016000        0x0 build/contextSwitch.o
 .data          0x0000000000016000      0x810 build/drawing.o
 *fill*         0x0000000000016810      0x7f0 
 .data          0x0000000000017000     0x1000 build/frameBufferInfo.o
                0x0000000000017000                FrameBufferInfo
 .data          0x0000000000018000        0x0 build/gpioFunction.o
 .data          0x0000000000018000       0x40 build/interruptsHandlers.o
                0x0000000000018000                exec_int_msg
 .data          0x0000000000018040        0x0 build/mailbox.o
 .data          0x0000000000018040        0x0 build/memoryCopy.o
 .data          0x0000000000018040        0x0 build/start.o
 .data          0x0000000000018040        0x0 build/bitmap.o
 .data          0x0000000000018040        0x0 build/console.o
 .data          0x0000000000018040        0x0 build/debug.o
 .data          0x0000000000018040        0x0 build/framebuffer.o
 .data          0x0000000000018040        0x0 build/gpio.o
 .data          0x0000000000018040        0x0 build/hash.o
 .data          0x0000000000018040        0x4 build/init.o
 .data          0x0000000000018044        0x0 build/list.o
 .data          0x0000000000018044        0x0 build/interrupt.o
 .data          0x0000000000018044        0x0 build/malloc.o
 .data          0x0000000000018044        0x0 build/palloc.o
 .data          0x0000000000018044        0x0 build/random.o
 .data          0x0000000000018044        0x0 build/serial.o
 .data          0x0000000000018044       0x18 build/stdio.o
 .data          0x000000000001805c        0x0 build/stdlib.o
 .data          0x000000000001805c        0x0 build/string.o
 .data          0x000000000001805c        0x0 build/synch.o
 .data          0x000000000001805c        0x0 build/timer.o
 .data          0x000000000001805c        0x4 build/thread.o
 .data          0x0000000000018060        0x0 build/video.o
 .data          0x0000000000018060        0x0 libgcc/libgcc.a(_udivsi3.o)
 .data          0x0000000000018060        0x0 libgcc/libgcc.a(_divsi3.o)
 .data          0x0000000000018060        0x0 libgcc/libgcc.a(_dvmd_tls.o)
 .data          0x0000000000018060        0x0 libgcc/libgcc.a(_aeabi_uldivmod.o)
 .data          0x0000000000018060        0x0 libgcc/libgcc.a(bpabi.o)
 .data          0x0000000000018060        0x0 libgcc/libgcc.a(_divdi3.o)
 .data          0x0000000000018060        0x0 libgcc/libgcc.a(_udivdi3.o)
 .data          0x0000000000018060        0x0 libgcc/libgcc.a(unwind-arm.o)
 .data          0x0000000000018060        0x0 libgcc/libgcc.a(libunwind.o)
 .data          0x0000000000018060        0x0 libgcc/libgcc.a(pr-support.o)
 .data          0x0000000000018060        0x0 libgcc/libgcc.a(_clzsi2.o)

.bss            0x0000000000018060      0x628
 *(.bss)
 .bss           0x0000000000018060        0x0 build/contextSwitch.o
 .bss           0x0000000000018060        0x0 build/drawing.o
 .bss           0x0000000000018060        0x0 build/frameBufferInfo.o
 .bss           0x0000000000018060        0x0 build/gpioFunction.o
 .bss           0x0000000000018060        0x0 build/interruptsHandlers.o
 .bss           0x0000000000018060        0x0 build/mailbox.o
 .bss           0x0000000000018060        0x0 build/memoryCopy.o
 .bss           0x0000000000018060        0x0 build/start.o
 .bss           0x0000000000018060        0x0 build/bitmap.o
 .bss           0x0000000000018060       0x28 build/console.o
 .bss           0x0000000000018088        0x0 build/debug.o
 .bss           0x0000000000018088        0x0 build/framebuffer.o
 .bss           0x0000000000018088        0x0 build/gpio.o
 .bss           0x0000000000018088        0x0 build/hash.o
 .bss           0x0000000000018088       0x40 build/init.o
 .bss           0x00000000000180c8        0x0 build/list.o
 .bss           0x00000000000180c8      0x20c build/interrupt.o
 .bss           0x00000000000182d4      0x1e4 build/malloc.o
 .bss           0x00000000000184b8       0x40 build/palloc.o
 .bss           0x00000000000184f8      0x104 build/random.o
 .bss           0x00000000000185fc        0x0 build/serial.o
 .bss           0x00000000000185fc        0x0 build/stdio.o
 .bss           0x00000000000185fc        0x0 build/stdlib.o
 .bss           0x00000000000185fc        0x0 build/string.o
 .bss           0x00000000000185fc        0x0 build/synch.o
 .bss           0x00000000000185fc        0x0 build/timer.o
 *fill*         0x00000000000185fc        0x4 
 .bss           0x0000000000018600       0x68 build/thread.o
 .bss           0x0000000000018668       0x20 build/video.o
 .bss           0x0000000000018688        0x0 libgcc/libgcc.a(_udivsi3.o)
 .bss           0x0000000000018688        0x0 libgcc/libgcc.a(_divsi3.o)
 .bss           0x0000000000018688        0x0 libgcc/libgcc.a(_dvmd_tls.o)
 .bss           0x0000000000018688        0x0 libgcc/libgcc.a(_aeabi_uldivmod.o)
 .bss           0x0000000000018688        0x0 libgcc/libgcc.a(bpabi.o)
 .bss           0x0000000000018688        0x0 libgcc/libgcc.a(_divdi3.o)
 .bss           0x0000000000018688        0x0 libgcc/libgcc.a(_udivdi3.o)
 .bss           0x0000000000018688        0x0 libgcc/libgcc.a(unwind-arm.o)
 .bss           0x0000000000018688        0x0 libgcc/libgcc.a(libunwind.o)
 .bss           0x0000000000018688        0x0 libgcc/libgcc.a(pr-support.o)
 .bss           0x0000000000018688        0x0 libgcc/libgcc.a(_clzsi2.o)

.ARM.extab      0x0000000000018688       0x30
 *(.ARM.extab* .gnu.linkonce.armextab.*)
 .ARM.extab     0x0000000000018688        0x0 libgcc/libgcc.a(_divdi3.o)
 .ARM.extab     0x0000000000018688        0x0 libgcc/libgcc.a(_udivdi3.o)
 .ARM.extab     0x0000000000018688       0x18 libgcc/libgcc.a(unwind-arm.o)
 .ARM.extab     0x00000000000186a0       0x18 libgcc/libgcc.a(pr-support.o)
                0x00000000000186b8                __exidx_start = .

.ARM.exidx      0x00000000000186b8       0xd0
 *(.ARM.exidx* .gnu.linkonce.armexidx.*)
 .ARM.exidx     0x00000000000186b8        0x8 libgcc/libgcc.a(_divdi3.o)
 .ARM.exidx     0x00000000000186c0        0x0 libgcc/libgcc.a(_udivdi3.o)
                                          0x8 (size before relaxing)
 .ARM.exidx     0x00000000000186c0       0x90 libgcc/libgcc.a(unwind-arm.o)
                                         0xd8 (size before relaxing)
 .ARM.exidx     0x0000000000018750       0x38 libgcc/libgcc.a(pr-support.o)
                                         0x48 (size before relaxing)
                0x0000000000018788                __exidx_end = .

/DISCARD/
 *(*)
LOAD libgcc/libgcc.a
OUTPUT(build/output.elf elf32-littlearm)
