Archive member included because of file (symbol)

libgcc/libgcc.a(_udivsi3.o)   build/malloc.o (__aeabi_uidiv)
libgcc/libgcc.a(_divsi3.o)    build/stdio.o (__aeabi_idivmod)
libgcc/libgcc.a(_dvmd_tls.o)  libgcc/libgcc.a(_udivsi3.o) (__aeabi_idiv0)
libgcc/libgcc.a(_aeabi_uldivmod.o)
                              build/stdio.o (__aeabi_uldivmod)
libgcc/libgcc.a(bpabi.o)      libgcc/libgcc.a(_aeabi_uldivmod.o) (__gnu_uldivmod_helper)
libgcc/libgcc.a(_divdi3.o)    libgcc/libgcc.a(bpabi.o) (__divdi3)
libgcc/libgcc.a(_udivdi3.o)   libgcc/libgcc.a(bpabi.o) (__udivdi3)
libgcc/libgcc.a(unwind-arm.o)
                              libgcc/libgcc.a(_divdi3.o) (__aeabi_unwind_cpp_pr0)
libgcc/libgcc.a(libunwind.o)  libgcc/libgcc.a(unwind-arm.o) (restore_core_regs)
libgcc/libgcc.a(pr-support.o)
                              libgcc/libgcc.a(unwind-arm.o) (__gnu_unwind_execute)
libgcc/libgcc.a(_clzsi2.o)    libgcc/libgcc.a(_divdi3.o) (__clzsi2)

Discarded input sections

 .ARM.attributes
                0x0000000000000000       0x14 build/contextSwitch.o
 .ARM.attributes
                0x0000000000000000       0x14 build/drawing.o
 .ARM.attributes
                0x0000000000000000       0x14 build/frameBufferInfo.o
 .ARM.attributes
                0x0000000000000000       0x14 build/gpioFunction.o
 .ARM.attributes
                0x0000000000000000       0x14 build/interruptsHandlers.o
 .ARM.attributes
                0x0000000000000000       0x14 build/mailbox.o
 .ARM.attributes
                0x0000000000000000       0x14 build/memoryCopy.o
 .ARM.attributes
                0x0000000000000000       0x14 build/start.o
 .comment       0x0000000000000000       0x12 build/bitmap.o
 .ARM.attributes
                0x0000000000000000       0x38 build/bitmap.o
 .comment       0x0000000000000000       0x12 build/console.o
 .ARM.attributes
                0x0000000000000000       0x38 build/console.o
 .comment       0x0000000000000000       0x12 build/debug.o
 .ARM.attributes
                0x0000000000000000       0x38 build/debug.o
 .comment       0x0000000000000000       0x12 build/framebuffer.o
 .ARM.attributes
                0x0000000000000000       0x38 build/framebuffer.o
 .comment       0x0000000000000000       0x12 build/gpio.o
 .ARM.attributes
                0x0000000000000000       0x38 build/gpio.o
 .comment       0x0000000000000000       0x12 build/hash.o
 .ARM.attributes
                0x0000000000000000       0x38 build/hash.o
 .comment       0x0000000000000000       0x12 build/init.o
 .ARM.attributes
                0x0000000000000000       0x38 build/init.o
 .comment       0x0000000000000000       0x12 build/list.o
 .ARM.attributes
                0x0000000000000000       0x38 build/list.o
 .comment       0x0000000000000000       0x12 build/interrupt.o
 .ARM.attributes
                0x0000000000000000       0x38 build/interrupt.o
 .comment       0x0000000000000000       0x12 build/malloc.o
 .ARM.attributes
                0x0000000000000000       0x38 build/malloc.o
 .comment       0x0000000000000000       0x12 build/palloc.o
 .ARM.attributes
                0x0000000000000000       0x38 build/palloc.o
 .comment       0x0000000000000000       0x12 build/random.o
 .ARM.attributes
                0x0000000000000000       0x38 build/random.o
 .comment       0x0000000000000000       0x12 build/serial.o
 .ARM.attributes
                0x0000000000000000       0x38 build/serial.o
 .comment       0x0000000000000000       0x12 build/stdio.o
 .ARM.attributes
                0x0000000000000000       0x38 build/stdio.o
 .comment       0x0000000000000000       0x12 build/stdlib.o
 .ARM.attributes
                0x0000000000000000       0x38 build/stdlib.o
 .comment       0x0000000000000000       0x12 build/string.o
 .ARM.attributes
                0x0000000000000000       0x38 build/string.o
 .comment       0x0000000000000000       0x12 build/synch.o
 .ARM.attributes
                0x0000000000000000       0x38 build/synch.o
 .comment       0x0000000000000000       0x12 build/timer.o
 .ARM.attributes
                0x0000000000000000       0x38 build/timer.o
 .comment       0x0000000000000000       0x12 build/thread.o
 .ARM.attributes
                0x0000000000000000       0x38 build/thread.o
 .comment       0x0000000000000000       0x12 build/video.o
 .ARM.attributes
                0x0000000000000000       0x38 build/video.o
 .debug_frame   0x0000000000000000       0x20 libgcc/libgcc.a(_udivsi3.o)
 .ARM.attributes
                0x0000000000000000       0x18 libgcc/libgcc.a(_udivsi3.o)
 .debug_line    0x0000000000000000       0x8a libgcc/libgcc.a(_udivsi3.o)
 .debug_info    0x0000000000000000       0x99 libgcc/libgcc.a(_udivsi3.o)
 .debug_abbrev  0x0000000000000000       0x14 libgcc/libgcc.a(_udivsi3.o)
 .debug_aranges
                0x0000000000000000       0x20 libgcc/libgcc.a(_udivsi3.o)
 .debug_frame   0x0000000000000000       0x20 libgcc/libgcc.a(_divsi3.o)
 .ARM.attributes
                0x0000000000000000       0x18 libgcc/libgcc.a(_divsi3.o)
 .debug_line    0x0000000000000000       0x96 libgcc/libgcc.a(_divsi3.o)
 .debug_info    0x0000000000000000       0x99 libgcc/libgcc.a(_divsi3.o)
 .debug_abbrev  0x0000000000000000       0x14 libgcc/libgcc.a(_divsi3.o)
 .debug_aranges
                0x0000000000000000       0x20 libgcc/libgcc.a(_divsi3.o)
 .ARM.attributes
                0x0000000000000000       0x18 libgcc/libgcc.a(_dvmd_tls.o)
 .debug_line    0x0000000000000000       0x61 libgcc/libgcc.a(_dvmd_tls.o)
 .debug_info    0x0000000000000000       0x99 libgcc/libgcc.a(_dvmd_tls.o)
 .debug_abbrev  0x0000000000000000       0x14 libgcc/libgcc.a(_dvmd_tls.o)
 .debug_aranges
                0x0000000000000000       0x20 libgcc/libgcc.a(_dvmd_tls.o)
 .ARM.attributes
                0x0000000000000000       0x18 libgcc/libgcc.a(_aeabi_uldivmod.o)
 .debug_line    0x0000000000000000       0x66 libgcc/libgcc.a(_aeabi_uldivmod.o)
 .debug_info    0x0000000000000000       0x95 libgcc/libgcc.a(_aeabi_uldivmod.o)
 .debug_abbrev  0x0000000000000000       0x14 libgcc/libgcc.a(_aeabi_uldivmod.o)
 .debug_aranges
                0x0000000000000000       0x20 libgcc/libgcc.a(_aeabi_uldivmod.o)
 .debug_info    0x0000000000000000      0x174 libgcc/libgcc.a(bpabi.o)
 .debug_abbrev  0x0000000000000000       0xb7 libgcc/libgcc.a(bpabi.o)
 .debug_loc     0x0000000000000000       0xe0 libgcc/libgcc.a(bpabi.o)
 .debug_aranges
                0x0000000000000000       0x20 libgcc/libgcc.a(bpabi.o)
 .debug_line    0x0000000000000000       0x67 libgcc/libgcc.a(bpabi.o)
 .debug_str     0x0000000000000000       0xef libgcc/libgcc.a(bpabi.o)
 .comment       0x0000000000000000       0x12 libgcc/libgcc.a(bpabi.o)
 .ARM.attributes
                0x0000000000000000       0x30 libgcc/libgcc.a(bpabi.o)
 .debug_frame   0x0000000000000000       0x54 libgcc/libgcc.a(bpabi.o)
 .debug_info    0x0000000000000000      0x5ec libgcc/libgcc.a(_divdi3.o)
 .debug_abbrev  0x0000000000000000      0x165 libgcc/libgcc.a(_divdi3.o)
 .debug_loc     0x0000000000000000      0xb77 libgcc/libgcc.a(_divdi3.o)
 .debug_aranges
                0x0000000000000000       0x20 libgcc/libgcc.a(_divdi3.o)
 .debug_ranges  0x0000000000000000       0xc8 libgcc/libgcc.a(_divdi3.o)
 .debug_line    0x0000000000000000       0xdb libgcc/libgcc.a(_divdi3.o)
 .debug_str     0x0000000000000000      0x1a3 libgcc/libgcc.a(_divdi3.o)
 .comment       0x0000000000000000       0x12 libgcc/libgcc.a(_divdi3.o)
 .ARM.attributes
                0x0000000000000000       0x30 libgcc/libgcc.a(_divdi3.o)
 .debug_frame   0x0000000000000000       0x38 libgcc/libgcc.a(_divdi3.o)
 .debug_info    0x0000000000000000      0x5ab libgcc/libgcc.a(_udivdi3.o)
 .debug_abbrev  0x0000000000000000      0x154 libgcc/libgcc.a(_udivdi3.o)
 .debug_loc     0x0000000000000000      0xc8c libgcc/libgcc.a(_udivdi3.o)
 .debug_aranges
                0x0000000000000000       0x20 libgcc/libgcc.a(_udivdi3.o)
 .debug_ranges  0x0000000000000000       0xd8 libgcc/libgcc.a(_udivdi3.o)
 .debug_line    0x0000000000000000       0xce libgcc/libgcc.a(_udivdi3.o)
 .debug_str     0x0000000000000000      0x1a4 libgcc/libgcc.a(_udivdi3.o)
 .comment       0x0000000000000000       0x12 libgcc/libgcc.a(_udivdi3.o)
 .ARM.attributes
                0x0000000000000000       0x30 libgcc/libgcc.a(_udivdi3.o)
 .debug_frame   0x0000000000000000       0x38 libgcc/libgcc.a(_udivdi3.o)
 .debug_info    0x0000000000000000     0x1d4d libgcc/libgcc.a(unwind-arm.o)
 .debug_abbrev  0x0000000000000000      0x48f libgcc/libgcc.a(unwind-arm.o)
 .debug_loc     0x0000000000000000     0x18d0 libgcc/libgcc.a(unwind-arm.o)
 .debug_aranges
                0x0000000000000000       0x20 libgcc/libgcc.a(unwind-arm.o)
 .debug_ranges  0x0000000000000000      0x138 libgcc/libgcc.a(unwind-arm.o)
 .debug_line    0x0000000000000000      0x538 libgcc/libgcc.a(unwind-arm.o)
 .debug_str     0x0000000000000000      0xb7f libgcc/libgcc.a(unwind-arm.o)
 .comment       0x0000000000000000       0x12 libgcc/libgcc.a(unwind-arm.o)
 .ARM.attributes
                0x0000000000000000       0x30 libgcc/libgcc.a(unwind-arm.o)
 .debug_frame   0x0000000000000000      0x290 libgcc/libgcc.a(unwind-arm.o)
 .ARM.attributes
                0x0000000000000000       0x1c libgcc/libgcc.a(libunwind.o)
 .debug_line    0x0000000000000000       0xaf libgcc/libgcc.a(libunwind.o)
 .debug_info    0x0000000000000000       0x99 libgcc/libgcc.a(libunwind.o)
 .debug_abbrev  0x0000000000000000       0x14 libgcc/libgcc.a(libunwind.o)
 .debug_aranges
                0x0000000000000000       0x20 libgcc/libgcc.a(libunwind.o)
 .debug_info    0x0000000000000000      0xa5b libgcc/libgcc.a(pr-support.o)
 .debug_abbrev  0x0000000000000000      0x26c libgcc/libgcc.a(pr-support.o)
 .debug_loc     0x0000000000000000      0x652 libgcc/libgcc.a(pr-support.o)
 .debug_aranges
                0x0000000000000000       0x20 libgcc/libgcc.a(pr-support.o)
 .debug_ranges  0x0000000000000000       0x48 libgcc/libgcc.a(pr-support.o)
 .debug_line    0x0000000000000000      0x1c4 libgcc/libgcc.a(pr-support.o)
 .debug_str     0x0000000000000000      0x4de libgcc/libgcc.a(pr-support.o)
 .comment       0x0000000000000000       0x12 libgcc/libgcc.a(pr-support.o)
 .ARM.attributes
                0x0000000000000000       0x30 libgcc/libgcc.a(pr-support.o)
 .debug_frame   0x0000000000000000       0xe4 libgcc/libgcc.a(pr-support.o)
 .ARM.attributes
                0x0000000000000000       0x18 libgcc/libgcc.a(_clzsi2.o)
 .debug_line    0x0000000000000000       0x6e libgcc/libgcc.a(_clzsi2.o)
 .debug_info    0x0000000000000000       0x99 libgcc/libgcc.a(_clzsi2.o)
 .debug_abbrev  0x0000000000000000       0x14 libgcc/libgcc.a(_clzsi2.o)
 .debug_aranges
                0x0000000000000000       0x20 libgcc/libgcc.a(_clzsi2.o)

Memory Configuration

Name             Origin             Length             Attributes
*default*        0x0000000000000000 0xffffffffffffffff

Linker script and memory map

LOAD build/contextSwitch.o
LOAD build/drawing.o
LOAD build/frameBufferInfo.o
LOAD build/gpioFunction.o
LOAD build/interruptsHandlers.o
LOAD build/mailbox.o
LOAD build/memoryCopy.o
LOAD build/start.o
LOAD build/bitmap.o
LOAD build/console.o
LOAD build/debug.o
LOAD build/framebuffer.o
LOAD build/gpio.o
LOAD build/hash.o
LOAD build/init.o
LOAD build/list.o
LOAD build/interrupt.o
LOAD build/malloc.o
LOAD build/palloc.o
LOAD build/random.o
LOAD build/serial.o
LOAD build/stdio.o
LOAD build/stdlib.o
LOAD build/string.o
LOAD build/synch.o
LOAD build/timer.o
LOAD build/thread.o
LOAD build/video.o

.init           0x0000000000008000       0x8c
 *(.init)
 .init          0x0000000000008000       0x8c build/start.o
                0x0000000000008000                _start

.text           0x000000000000808c     0xda6c
 *(.text)
 .text          0x000000000000808c       0xd4 build/contextSwitch.o
                0x000000000000808c                save_context
                0x00000000000080e8                save_and_switch_context
 .text          0x0000000000008160      0x178 build/drawing.o
                0x0000000000008160                SetForeColour
                0x0000000000008178                GetForeColour
                0x0000000000008184                SetGraphicsAddress
                0x0000000000008190                GetGraphicsAddress
                0x000000000000819c                DrawPixel
                0x00000000000081e4                DrawLine
                0x0000000000008260                DrawCharacter
 .text          0x00000000000082d8       0x60 build/frameBufferInfo.o
                0x00000000000082d8                InitialiseFrameBuffer
 .text          0x0000000000008338       0x98 build/gpioFunction.o
                0x0000000000008338                GetGpioAddress
                0x0000000000008340                SetGpioFunction
                0x0000000000008390                SetGpio
 .text          0x00000000000083d0      0x130 build/interruptsHandlers.o
                0x00000000000083d0                print_executing_interrupt
                0x00000000000083e0                generate_swi_interrupt
                0x00000000000083e8                swi_handler_int
                0x000000000000844c                irq_handler_int
                0x00000000000084ac                get_cpsr_value
                0x00000000000084b4                enable_irq_interruptions
                0x00000000000084c4                disable_irq_interruptions
                0x00000000000084d4                enable_fiq_interruptions
                0x00000000000084e4                disable_fiq_interruptions
                0x00000000000084f4                get_current_sp
 .text          0x0000000000008500       0x6c build/mailbox.o
                0x0000000000008500                GetMailboxBase
                0x0000000000008508                MailboxRead
                0x000000000000853c                MailboxWrite
 .text          0x000000000000856c       0x70 build/memoryCopy.o
                0x000000000000856c                memory_fastest_copy
                0x00000000000085bc                memory_fast_copy
 .text          0x00000000000085dc        0x0 build/start.o
 .text          0x00000000000085dc      0x9e4 build/bitmap.o
                0x000000000000868c                bitmap_create
                0x0000000000008730                bitmap_create_in_buf
                0x00000000000087c0                bitmap_buf_size
                0x00000000000087ec                bitmap_destroy
                0x0000000000008828                bitmap_size
                0x0000000000008850                bitmap_set
                0x00000000000088f0                bitmap_test
                0x00000000000089a4                bitmap_set_all
                0x0000000000008a0c                bitmap_set_multiple
                0x0000000000008afc                bitmap_mark
                0x0000000000008b68                bitmap_reset
                0x0000000000008bd8                bitmap_contains
                0x0000000000008ce0                bitmap_any
                0x0000000000008d1c                bitmap_none
                0x0000000000008d78                bitmap_all
                0x0000000000008dd4                bitmap_scan
                0x0000000000008ef4                bitmap_scan_and_flip
                0x0000000000008f78                bitmap_dump
 .text          0x0000000000008fc0      0x3dc build/console.o
                0x0000000000008fc0                console_init
                0x0000000000008fe8                console_panic
                0x000000000000900c                console_print_stats
                0x000000000000917c                vprintf
                0x00000000000091c8                puts
                0x0000000000009228                putbuf
                0x0000000000009294                putchar
 .text          0x000000000000939c      0x128 build/debug.o
                0x000000000000939c                debug_panic
                0x0000000000009420                debug_print_bits_int
                0x000000000000949c                abort
 .text          0x00000000000094c4       0x58 build/framebuffer.o
                0x00000000000094c4                framebuffer_init
 .text          0x000000000000951c       0x50 build/gpio.o
                0x000000000000951c                gpio_enable_function
                0x0000000000009544                gpio_set_register
 .text          0x000000000000956c      0xc50 build/hash.o
                0x000000000000956c                hash_init
                0x000000000000961c                hash_clear
                0x00000000000096f0                hash_destroy
                0x0000000000009734                hash_insert
                0x00000000000097a0                hash_replace
                0x0000000000009818                hash_find
                0x000000000000985c                hash_delete
                0x00000000000098c4                hash_apply
                0x00000000000099b0                hash_first
                0x0000000000009a5c                hash_next
                0x0000000000009b78                hash_cur
                0x0000000000009ba0                hash_size
                0x0000000000009bc8                hash_empty
                0x0000000000009c00                hash_bytes
                0x0000000000009cbc                hash_string
                0x0000000000009d5c                hash_int
 .text          0x000000000000a1bc      0x164 build/init.o
                0x000000000000a1e8                init
 .text          0x000000000000a320     0x1288 build/list.o
                0x000000000000a440                list_init
                0x000000000000a4b8                list_begin
                0x000000000000a508                list_next
                0x000000000000a574                list_end
                0x000000000000a5c4                list_rbegin
                0x000000000000a614                list_prev
                0x000000000000a680                list_rend
                0x000000000000a6cc                list_head
                0x000000000000a718                list_tail
                0x000000000000a768                list_insert
                0x000000000000a824                list_splice
                0x000000000000a960                list_push_front
                0x000000000000a994                list_push_back
                0x000000000000a9c8                list_remove
                0x000000000000aa48                list_pop_front
                0x000000000000aa7c                list_pop_back
                0x000000000000aab0                list_front
                0x000000000000ab14                list_back
                0x000000000000ab78                list_size
                0x000000000000abe0                list_empty
                0x000000000000ac6c                list_reverse
                0x000000000000b07c                list_sort
                0x000000000000b210                list_insert_ordered
                0x000000000000b314                list_unique
                0x000000000000b458                list_max
                0x000000000000b500                list_min
 .text          0x000000000000b5a8      0x9d8 build/interrupt.o
                0x000000000000b5a8                interrupts_init
                0x000000000000b650                interrupts_register_irq
                0x000000000000b6d0                interrupts_register_swi
                0x000000000000b710                interrupts_get_irq_name
                0x000000000000b768                interrupts_get_swi_name
                0x000000000000b78c                interrupts_get_level
                0x000000000000b7c4                interrupts_set_level
                0x000000000000b804                interrupts_enable
                0x000000000000b830                interrupts_disable
                0x000000000000b85c                interrupts_print_status
                0x000000000000b8f8                interrupts_context
                0x000000000000b91c                interrupts_was_irq_generated
                0x000000000000b940                interrupts_yield_on_return
                0x000000000000b964                interrupts_dispatch_irq
                0x000000000000bbb8                interrupts_dispatch_swi
                0x000000000000bc6c                interrupts_debug
 .text          0x000000000000bf80      0x8b8 build/malloc.o
                0x000000000000bfd8                malloc_init
                0x000000000000c0e4                malloc
                0x000000000000c348                calloc
                0x000000000000c440                realloc
                0x000000000000c4e0                free
 .text          0x000000000000c838      0x57c build/palloc.o
                0x000000000000c88c                palloc_init
                0x000000000000c960                palloc_get_multiple
                0x000000000000ca94                palloc_get_page
                0x000000000000cac8                palloc_free_multiple
                0x000000000000cc34                palloc_free_page
 .text          0x000000000000cdb4      0x2cc build/random.o
                0x000000000000cdfc                random_init
                0x000000000000cf18                random_bytes
                0x000000000000d054                random_ulong
 .text          0x000000000000d080      0x32c build/serial.o
                0x000000000000d080                serial_init
                0x000000000000d090                serial_putc
                0x000000000000d0b8                serial_flush
                0x000000000000d0cc                serial_notify
                0x000000000000d174                uart_init
                0x000000000000d234                uart_putc_helper
                0x000000000000d284                uart_putc
                0x000000000000d2cc                uart_getc
                0x000000000000d310                uart_write
                0x000000000000d36c                uart_puts
                0x000000000000d39c                test_serial
 .text          0x000000000000d3ac     0x17b8 build/stdio.o
                0x000000000000d434                vsnprintf
                0x000000000000d53c                snprintf
                0x000000000000d58c                printf
                0x000000000000d5cc                __vprintf
                0x000000000000e7b0                __printf
                0x000000000000e7f4                hex_dump
                0x000000000000eaac                print_human_readable_size
 .text          0x000000000000eb64      0x768 build/stdlib.o
                0x000000000000ec1c                atoi
                0x000000000000eda8                qsort
                0x000000000000f038                sort
                0x000000000000f184                bsearch
                0x000000000000f1d8                binary_search
 .text          0x000000000000f2cc      0xd9c build/string.o
                0x000000000000f2cc                memcpy
                0x000000000000f3c0                memmove
                0x000000000000f538                memcmp
                0x000000000000f65c                strcmp
                0x000000000000f760                memchr
                0x000000000000f828                strchr
                0x000000000000f8c0                strcspn
                0x000000000000f944                strpbrk
                0x000000000000f9b0                strrchr
                0x000000000000fa24                strspn
                0x000000000000faa8                strstr
                0x000000000000fb5c                strtok_r
                0x000000000000fcd4                memset
                0x000000000000fd8c                strlen
                0x000000000000fe0c                strnlen
                0x000000000000fe74                strlcpy
                0x000000000000ff4c                strlcat
 .text          0x0000000000010068      0x954 build/synch.o
                0x0000000000010068                sema_init
                0x00000000000100cc                sema_down
                0x00000000000101a0                sema_try_down
                0x000000000001023c                sema_up
                0x00000000000102f4                sema_self_test
                0x00000000000103e4                lock_init
                0x0000000000010448                lock_acquire
                0x0000000000010508                lock_try_acquire
                0x00000000000105b8                lock_release
                0x0000000000010640                lock_held_by_current_thread
                0x00000000000106a8                cond_init
                0x00000000000106fc                cond_wait
                0x000000000001080c                cond_signal
                0x0000000000010918                cond_broadcast
 .text          0x00000000000109bc      0x1f4 build/timer.o
                0x00000000000109bc                timer_init
                0x00000000000109fc                timer_get_timestamp
                0x0000000000010a24                timer_msleep
 .text          0x0000000000010bb0     0x1508 build/thread.o
                0x0000000000010bdc                thread_init
                0x0000000000010e7c                thread_start
                0x0000000000010ecc                thread_tick
                0x0000000000010f84                thread_print_stats
                0x0000000000010fd0                thread_create
                0x0000000000011198                thread_block
                0x0000000000011218                thread_unblock
                0x00000000000112cc                thread_name
                0x00000000000112e8                thread_current
                0x0000000000011368                thread_tid
                0x0000000000011384                thread_exit
                0x0000000000011540                thread_yield
                0x0000000000011918                thread_schedule_tail
                0x0000000000011a5c                thread_foreach
                0x0000000000011b00                thread_set_priority
                0x0000000000011b28                thread_get_priority
                0x0000000000011b44                thread_set_nice
                0x0000000000011b60                thread_get_nice
                0x0000000000011b7c                thread_get_load_avg
                0x0000000000011b98                thread_get_recent_cpu
                0x0000000000011ec8                thread_wait
 .text          0x00000000000120b8      0x9ac build/video.o
                0x00000000000120b8                video_init
                0x0000000000012134                video_clean
                0x00000000000121e8                video_putc
 .text          0x0000000000012a64      0x114 libgcc/libgcc.a(_udivsi3.o)
                0x0000000000012a64                __udivsi3
                0x0000000000012a64                __aeabi_uidiv
                0x0000000000012b58                __aeabi_uidivmod
 .text          0x0000000000012b78      0x148 libgcc/libgcc.a(_divsi3.o)
                0x0000000000012b78                __aeabi_idiv
                0x0000000000012b78                __divsi3
                0x0000000000012ca0                __aeabi_idivmod
 .text          0x0000000000012cc0        0x4 libgcc/libgcc.a(_dvmd_tls.o)
                0x0000000000012cc0                __aeabi_ldiv0
                0x0000000000012cc0                __aeabi_idiv0
 .text          0x0000000000012cc4       0x3c libgcc/libgcc.a(_aeabi_uldivmod.o)
                0x0000000000012cc4                __aeabi_uldivmod
 .text          0x0000000000012d00       0x84 libgcc/libgcc.a(bpabi.o)
                0x0000000000012d00                __gnu_ldivmod_helper
                0x0000000000012d44                __gnu_uldivmod_helper
 .text          0x0000000000012d84      0x4f8 libgcc/libgcc.a(_divdi3.o)
                0x0000000000012d84                __divdi3
 .text          0x000000000001327c      0x498 libgcc/libgcc.a(_udivdi3.o)
                0x000000000001327c                __udivdi3
 .text          0x0000000000013714      0xfb0 libgcc/libgcc.a(unwind-arm.o)
                0x0000000000013b9c                _Unwind_GetCFA
                0x0000000000013ba4                __gnu_Unwind_RaiseException
                0x0000000000013c50                __gnu_Unwind_ForcedUnwind
                0x0000000000013c74                __gnu_Unwind_Resume
                0x0000000000013cec                __gnu_Unwind_Resume_or_Rethrow
                0x0000000000013d0c                _Unwind_Complete
                0x0000000000013d10                _Unwind_DeleteException
                0x0000000000013d34                _Unwind_VRS_Get
                0x0000000000013da8                _Unwind_VRS_Set
                0x000000000001424c                __aeabi_unwind_cpp_pr2
                0x0000000000014254                __aeabi_unwind_cpp_pr1
                0x000000000001425c                __aeabi_unwind_cpp_pr0
                0x0000000000014264                __gnu_Unwind_Backtrace
                0x0000000000014330                _Unwind_VRS_Pop
 .text          0x00000000000146c4      0x1b0 libgcc/libgcc.a(libunwind.o)
                0x00000000000146c4                __restore_core_regs
                0x00000000000146c4                restore_core_regs
                0x00000000000146e0                __gnu_Unwind_Restore_VFP
                0x00000000000146e8                __gnu_Unwind_Save_VFP
                0x00000000000146f0                __gnu_Unwind_Restore_VFP_D
                0x00000000000146f8                __gnu_Unwind_Save_VFP_D
                0x0000000000014700                __gnu_Unwind_Restore_VFP_D_16_to_31
                0x0000000000014708                __gnu_Unwind_Save_VFP_D_16_to_31
                0x0000000000014710                __gnu_Unwind_Restore_WMMXD
                0x0000000000014754                __gnu_Unwind_Save_WMMXD
                0x0000000000014798                __gnu_Unwind_Restore_WMMXC
                0x00000000000147ac                __gnu_Unwind_Save_WMMXC
                0x00000000000147c0                _Unwind_RaiseException
                0x00000000000147c0                ___Unwind_RaiseException
                0x00000000000147e4                ___Unwind_Resume
                0x00000000000147e4                _Unwind_Resume
                0x0000000000014808                ___Unwind_Resume_or_Rethrow
                0x0000000000014808                _Unwind_Resume_or_Rethrow
                0x000000000001482c                _Unwind_ForcedUnwind
                0x000000000001482c                ___Unwind_ForcedUnwind
                0x0000000000014850                _Unwind_Backtrace
                0x0000000000014850                ___Unwind_Backtrace
 .text          0x0000000000014874      0x53c libgcc/libgcc.a(pr-support.o)
                0x0000000000014908                __gnu_unwind_execute
                0x0000000000014d24                __gnu_unwind_frame
                0x0000000000014d6c                _Unwind_GetRegionStart
                0x0000000000014d80                _Unwind_GetLanguageSpecificData
                0x0000000000014da0                _Unwind_GetDataRelBase
                0x0000000000014da8                _Unwind_GetTextRelBase
 .text          0x0000000000014db0       0x48 libgcc/libgcc.a(_clzsi2.o)
                0x0000000000014db0                __clzsi2
 *(.rodata)
 .rodata        0x0000000000014df8       0x98 build/bitmap.o
 .rodata        0x0000000000014e90       0x64 build/console.o
 .rodata        0x0000000000014ef4       0x70 build/debug.o
 .rodata        0x0000000000014f64       0x6c build/hash.o
 .rodata        0x0000000000014fd0       0x7c build/init.o
 .rodata        0x000000000001504c      0x11c build/list.o
 .rodata        0x0000000000015168      0x1ac build/interrupt.o
 .rodata        0x0000000000015314       0x78 build/malloc.o
 .rodata        0x000000000001538c       0xf8 build/palloc.o
 .rodata        0x0000000000015484      0x134 build/stdio.o
 .rodata        0x00000000000155b8       0x34 build/stdlib.o
 .rodata        0x00000000000155ec       0x80 build/string.o
 .rodata        0x000000000001566c       0xf0 build/synch.o
 .rodata        0x000000000001575c       0x54 build/timer.o
 .rodata        0x00000000000157b0      0x348 build/thread.o

.data           0x0000000000016000     0x2060
 *(.data)
 .data          0x0000000000016000        0x0 build/contextSwitch.o
 .data          0x0000000000016000      0x810 build/drawing.o
 *fill*         0x0000000000016810      0x7f0 
 .data          0x0000000000017000     0x1000 build/frameBufferInfo.o
                0x0000000000017000                FrameBufferInfo
 .data          0x0000000000018000        0x0 build/gpioFunction.o
 .data          0x0000000000018000       0x40 build/interruptsHandlers.o
                0x0000000000018000                exec_int_msg
 .data          0x0000000000018040        0x0 build/mailbox.o
 .data          0x0000000000018040        0x0 build/memoryCopy.o
 .data          0x0000000000018040        0x0 build/start.o
 .data          0x0000000000018040        0x0 build/bitmap.o
 .data          0x0000000000018040        0x0 build/console.o
 .data          0x0000000000018040        0x0 build/debug.o
 .data          0x0000000000018040        0x0 build/framebuffer.o
 .data          0x0000000000018040        0x0 build/gpio.o
 .data          0x0000000000018040        0x0 build/hash.o
 .data          0x0000000000018040        0x4 build/init.o
 .data          0x0000000000018044        0x0 build/list.o
 .data          0x0000000000018044        0x0 build/interrupt.o
 .data          0x0000000000018044        0x0 build/malloc.o
 .data          0x0000000000018044        0x0 build/palloc.o
 .data          0x0000000000018044        0x0 build/random.o
 .data          0x0000000000018044        0x0 build/serial.o
 .data          0x0000000000018044       0x18 build/stdio.o
 .data          0x000000000001805c        0x0 build/stdlib.o
 .data          0x000000000001805c        0x0 build/string.o
 .data          0x000000000001805c        0x0 build/synch.o
 .data          0x000000000001805c        0x0 build/timer.o
 .data          0x000000000001805c        0x4 build/thread.o
 .data          0x0000000000018060        0x0 build/video.o
 .data          0x0000000000018060        0x0 libgcc/libgcc.a(_udivsi3.o)
 .data          0x0000000000018060        0x0 libgcc/libgcc.a(_divsi3.o)
 .data          0x0000000000018060        0x0 libgcc/libgcc.a(_dvmd_tls.o)
 .data          0x0000000000018060        0x0 libgcc/libgcc.a(_aeabi_uldivmod.o)
 .data          0x0000000000018060        0x0 libgcc/libgcc.a(bpabi.o)
 .data          0x0000000000018060        0x0 libgcc/libgcc.a(_divdi3.o)
 .data          0x0000000000018060        0x0 libgcc/libgcc.a(_udivdi3.o)
 .data          0x0000000000018060        0x0 libgcc/libgcc.a(unwind-arm.o)
 .data          0x0000000000018060        0x0 libgcc/libgcc.a(libunwind.o)
 .data          0x0000000000018060        0x0 libgcc/libgcc.a(pr-support.o)
 .data          0x0000000000018060        0x0 libgcc/libgcc.a(_clzsi2.o)

.bss            0x0000000000018060      0x618
 *(.bss)
 .bss           0x0000000000018060        0x0 build/contextSwitch.o
 .bss           0x0000000000018060        0x0 build/drawing.o
 .bss           0x0000000000018060        0x0 build/frameBufferInfo.o
 .bss           0x0000000000018060        0x0 build/gpioFunction.o
 .bss           0x0000000000018060        0x0 build/interruptsHandlers.o
 .bss           0x0000000000018060        0x0 build/mailbox.o
 .bss           0x0000000000018060        0x0 build/memoryCopy.o
 .bss           0x0000000000018060        0x0 build/start.o
 .bss           0x0000000000018060        0x0 build/bitmap.o
 .bss           0x0000000000018060       0x28 build/console.o
 .bss           0x0000000000018088        0x0 build/debug.o
 .bss           0x0000000000018088        0x0 build/framebuffer.o
 .bss           0x0000000000018088        0x0 build/gpio.o
 .bss           0x0000000000018088        0x0 build/hash.o
 .bss           0x0000000000018088       0x14 build/init.o
 .bss           0x000000000001809c        0x0 build/list.o
 .bss           0x000000000001809c      0x20c build/interrupt.o
 .bss           0x00000000000182a8      0x1e4 build/malloc.o
 .bss           0x000000000001848c       0x40 build/palloc.o
 .bss           0x00000000000184cc      0x104 build/random.o
 .bss           0x00000000000185d0        0x0 build/serial.o
 .bss           0x00000000000185d0        0x0 build/stdio.o
 .bss           0x00000000000185d0        0x0 build/stdlib.o
 .bss           0x00000000000185d0        0x0 build/string.o
 .bss           0x00000000000185d0        0x0 build/synch.o
 .bss           0x00000000000185d0        0x0 build/timer.o
 .bss           0x00000000000185d0       0x88 build/thread.o
 .bss           0x0000000000018658       0x20 build/video.o
 .bss           0x0000000000018678        0x0 libgcc/libgcc.a(_udivsi3.o)
 .bss           0x0000000000018678        0x0 libgcc/libgcc.a(_divsi3.o)
 .bss           0x0000000000018678        0x0 libgcc/libgcc.a(_dvmd_tls.o)
 .bss           0x0000000000018678        0x0 libgcc/libgcc.a(_aeabi_uldivmod.o)
 .bss           0x0000000000018678        0x0 libgcc/libgcc.a(bpabi.o)
 .bss           0x0000000000018678        0x0 libgcc/libgcc.a(_divdi3.o)
 .bss           0x0000000000018678        0x0 libgcc/libgcc.a(_udivdi3.o)
 .bss           0x0000000000018678        0x0 libgcc/libgcc.a(unwind-arm.o)
 .bss           0x0000000000018678        0x0 libgcc/libgcc.a(libunwind.o)
 .bss           0x0000000000018678        0x0 libgcc/libgcc.a(pr-support.o)
 .bss           0x0000000000018678        0x0 libgcc/libgcc.a(_clzsi2.o)

.ARM.extab      0x0000000000018678       0x30
 *(.ARM.extab* .gnu.linkonce.armextab.*)
 .ARM.extab     0x0000000000018678        0x0 libgcc/libgcc.a(_divdi3.o)
 .ARM.extab     0x0000000000018678        0x0 libgcc/libgcc.a(_udivdi3.o)
 .ARM.extab     0x0000000000018678       0x18 libgcc/libgcc.a(unwind-arm.o)
 .ARM.extab     0x0000000000018690       0x18 libgcc/libgcc.a(pr-support.o)
                0x00000000000186a8                __exidx_start = .

.ARM.exidx      0x00000000000186a8       0xd0
 *(.ARM.exidx* .gnu.linkonce.armexidx.*)
 .ARM.exidx     0x00000000000186a8        0x8 libgcc/libgcc.a(_divdi3.o)
 .ARM.exidx     0x00000000000186b0        0x0 libgcc/libgcc.a(_udivdi3.o)
                                          0x8 (size before relaxing)
 .ARM.exidx     0x00000000000186b0       0x90 libgcc/libgcc.a(unwind-arm.o)
                                         0xd8 (size before relaxing)
 .ARM.exidx     0x0000000000018740       0x38 libgcc/libgcc.a(pr-support.o)
                                         0x48 (size before relaxing)
                0x0000000000018778                __exidx_end = .

/DISCARD/
 *(*)
LOAD libgcc/libgcc.a
OUTPUT(build/output.elf elf32-littlearm)
