Archive member included because of file (symbol)

libgcc/libgcc.a(_udivsi3.o)   build/malloc.o (__aeabi_uidiv)
libgcc/libgcc.a(_divsi3.o)    build/stdio.o (__aeabi_idivmod)
libgcc/libgcc.a(_dvmd_tls.o)  libgcc/libgcc.a(_udivsi3.o) (__aeabi_idiv0)
libgcc/libgcc.a(_aeabi_uldivmod.o)
                              build/stdio.o (__aeabi_uldivmod)
libgcc/libgcc.a(bpabi.o)      libgcc/libgcc.a(_aeabi_uldivmod.o) (__gnu_uldivmod_helper)
libgcc/libgcc.a(_divdi3.o)    libgcc/libgcc.a(bpabi.o) (__divdi3)
libgcc/libgcc.a(_udivdi3.o)   libgcc/libgcc.a(bpabi.o) (__udivdi3)
libgcc/libgcc.a(unwind-arm.o)
                              libgcc/libgcc.a(_divdi3.o) (__aeabi_unwind_cpp_pr0)
libgcc/libgcc.a(libunwind.o)  libgcc/libgcc.a(unwind-arm.o) (restore_core_regs)
libgcc/libgcc.a(pr-support.o)
                              libgcc/libgcc.a(unwind-arm.o) (__gnu_unwind_execute)
libgcc/libgcc.a(_clzsi2.o)    libgcc/libgcc.a(_divdi3.o) (__clzsi2)

Allocating common symbols
Common symbol       size              file

timer_wait_list     0x10              build/timer.o

Discarded input sections

 .ARM.attributes
                0x0000000000000000       0x14 build/contextSwitch.o
 .ARM.attributes
                0x0000000000000000       0x14 build/drawing.o
 .ARM.attributes
                0x0000000000000000       0x14 build/frameBufferInfo.o
 .ARM.attributes
                0x0000000000000000       0x14 build/gpioFunction.o
 .ARM.attributes
                0x0000000000000000       0x14 build/interruptsHandlers.o
 .ARM.attributes
                0x0000000000000000       0x14 build/mailbox.o
 .ARM.attributes
                0x0000000000000000       0x14 build/memoryCopy.o
 .ARM.attributes
                0x0000000000000000       0x14 build/start.o
 .comment       0x0000000000000000       0x12 build/bitmap.o
 .ARM.attributes
                0x0000000000000000       0x38 build/bitmap.o
 .comment       0x0000000000000000       0x12 build/console.o
 .ARM.attributes
                0x0000000000000000       0x38 build/console.o
 .comment       0x0000000000000000       0x12 build/debug.o
 .ARM.attributes
                0x0000000000000000       0x38 build/debug.o
 .comment       0x0000000000000000       0x12 build/framebuffer.o
 .ARM.attributes
                0x0000000000000000       0x38 build/framebuffer.o
 .comment       0x0000000000000000       0x12 build/gpio.o
 .ARM.attributes
                0x0000000000000000       0x38 build/gpio.o
 .comment       0x0000000000000000       0x12 build/hash.o
 .ARM.attributes
                0x0000000000000000       0x38 build/hash.o
 .comment       0x0000000000000000       0x12 build/init.o
 .ARM.attributes
                0x0000000000000000       0x38 build/init.o
 .comment       0x0000000000000000       0x12 build/list.o
 .ARM.attributes
                0x0000000000000000       0x38 build/list.o
 .comment       0x0000000000000000       0x12 build/interrupt.o
 .ARM.attributes
                0x0000000000000000       0x38 build/interrupt.o
 .comment       0x0000000000000000       0x12 build/malloc.o
 .ARM.attributes
                0x0000000000000000       0x38 build/malloc.o
 .comment       0x0000000000000000       0x12 build/palloc.o
 .ARM.attributes
                0x0000000000000000       0x38 build/palloc.o
 .comment       0x0000000000000000       0x12 build/random.o
 .ARM.attributes
                0x0000000000000000       0x38 build/random.o
 .comment       0x0000000000000000       0x12 build/serial.o
 .ARM.attributes
                0x0000000000000000       0x38 build/serial.o
 .comment       0x0000000000000000       0x12 build/stdio.o
 .ARM.attributes
                0x0000000000000000       0x38 build/stdio.o
 .comment       0x0000000000000000       0x12 build/stdlib.o
 .ARM.attributes
                0x0000000000000000       0x38 build/stdlib.o
 .comment       0x0000000000000000       0x12 build/string.o
 .ARM.attributes
                0x0000000000000000       0x38 build/string.o
 .comment       0x0000000000000000       0x12 build/synch.o
 .ARM.attributes
                0x0000000000000000       0x38 build/synch.o
 .comment       0x0000000000000000       0x12 build/timer.o
 .ARM.attributes
                0x0000000000000000       0x38 build/timer.o
 COMMON         0x0000000000000000       0x10 build/timer.o
 .comment       0x0000000000000000       0x12 build/thread.o
 .ARM.attributes
                0x0000000000000000       0x38 build/thread.o
 .comment       0x0000000000000000       0x12 build/video.o
 .ARM.attributes
                0x0000000000000000       0x38 build/video.o
 .debug_frame   0x0000000000000000       0x20 libgcc/libgcc.a(_udivsi3.o)
 .ARM.attributes
                0x0000000000000000       0x18 libgcc/libgcc.a(_udivsi3.o)
 .debug_line    0x0000000000000000       0x8a libgcc/libgcc.a(_udivsi3.o)
 .debug_info    0x0000000000000000       0x99 libgcc/libgcc.a(_udivsi3.o)
 .debug_abbrev  0x0000000000000000       0x14 libgcc/libgcc.a(_udivsi3.o)
 .debug_aranges
                0x0000000000000000       0x20 libgcc/libgcc.a(_udivsi3.o)
 .debug_frame   0x0000000000000000       0x20 libgcc/libgcc.a(_divsi3.o)
 .ARM.attributes
                0x0000000000000000       0x18 libgcc/libgcc.a(_divsi3.o)
 .debug_line    0x0000000000000000       0x96 libgcc/libgcc.a(_divsi3.o)
 .debug_info    0x0000000000000000       0x99 libgcc/libgcc.a(_divsi3.o)
 .debug_abbrev  0x0000000000000000       0x14 libgcc/libgcc.a(_divsi3.o)
 .debug_aranges
                0x0000000000000000       0x20 libgcc/libgcc.a(_divsi3.o)
 .ARM.attributes
                0x0000000000000000       0x18 libgcc/libgcc.a(_dvmd_tls.o)
 .debug_line    0x0000000000000000       0x61 libgcc/libgcc.a(_dvmd_tls.o)
 .debug_info    0x0000000000000000       0x99 libgcc/libgcc.a(_dvmd_tls.o)
 .debug_abbrev  0x0000000000000000       0x14 libgcc/libgcc.a(_dvmd_tls.o)
 .debug_aranges
                0x0000000000000000       0x20 libgcc/libgcc.a(_dvmd_tls.o)
 .ARM.attributes
                0x0000000000000000       0x18 libgcc/libgcc.a(_aeabi_uldivmod.o)
 .debug_line    0x0000000000000000       0x66 libgcc/libgcc.a(_aeabi_uldivmod.o)
 .debug_info    0x0000000000000000       0x95 libgcc/libgcc.a(_aeabi_uldivmod.o)
 .debug_abbrev  0x0000000000000000       0x14 libgcc/libgcc.a(_aeabi_uldivmod.o)
 .debug_aranges
                0x0000000000000000       0x20 libgcc/libgcc.a(_aeabi_uldivmod.o)
 .debug_info    0x0000000000000000      0x174 libgcc/libgcc.a(bpabi.o)
 .debug_abbrev  0x0000000000000000       0xb7 libgcc/libgcc.a(bpabi.o)
 .debug_loc     0x0000000000000000       0xe0 libgcc/libgcc.a(bpabi.o)
 .debug_aranges
                0x0000000000000000       0x20 libgcc/libgcc.a(bpabi.o)
 .debug_line    0x0000000000000000       0x67 libgcc/libgcc.a(bpabi.o)
 .debug_str     0x0000000000000000       0xef libgcc/libgcc.a(bpabi.o)
 .comment       0x0000000000000000       0x12 libgcc/libgcc.a(bpabi.o)
 .ARM.attributes
                0x0000000000000000       0x30 libgcc/libgcc.a(bpabi.o)
 .debug_frame   0x0000000000000000       0x54 libgcc/libgcc.a(bpabi.o)
 .debug_info    0x0000000000000000      0x5ec libgcc/libgcc.a(_divdi3.o)
 .debug_abbrev  0x0000000000000000      0x165 libgcc/libgcc.a(_divdi3.o)
 .debug_loc     0x0000000000000000      0xb77 libgcc/libgcc.a(_divdi3.o)
 .debug_aranges
                0x0000000000000000       0x20 libgcc/libgcc.a(_divdi3.o)
 .debug_ranges  0x0000000000000000       0xc8 libgcc/libgcc.a(_divdi3.o)
 .debug_line    0x0000000000000000       0xdb libgcc/libgcc.a(_divdi3.o)
 .debug_str     0x0000000000000000      0x1a3 libgcc/libgcc.a(_divdi3.o)
 .comment       0x0000000000000000       0x12 libgcc/libgcc.a(_divdi3.o)
 .ARM.attributes
                0x0000000000000000       0x30 libgcc/libgcc.a(_divdi3.o)
 .debug_frame   0x0000000000000000       0x38 libgcc/libgcc.a(_divdi3.o)
 .debug_info    0x0000000000000000      0x5ab libgcc/libgcc.a(_udivdi3.o)
 .debug_abbrev  0x0000000000000000      0x154 libgcc/libgcc.a(_udivdi3.o)
 .debug_loc     0x0000000000000000      0xc8c libgcc/libgcc.a(_udivdi3.o)
 .debug_aranges
                0x0000000000000000       0x20 libgcc/libgcc.a(_udivdi3.o)
 .debug_ranges  0x0000000000000000       0xd8 libgcc/libgcc.a(_udivdi3.o)
 .debug_line    0x0000000000000000       0xce libgcc/libgcc.a(_udivdi3.o)
 .debug_str     0x0000000000000000      0x1a4 libgcc/libgcc.a(_udivdi3.o)
 .comment       0x0000000000000000       0x12 libgcc/libgcc.a(_udivdi3.o)
 .ARM.attributes
                0x0000000000000000       0x30 libgcc/libgcc.a(_udivdi3.o)
 .debug_frame   0x0000000000000000       0x38 libgcc/libgcc.a(_udivdi3.o)
 .debug_info    0x0000000000000000     0x1d4d libgcc/libgcc.a(unwind-arm.o)
 .debug_abbrev  0x0000000000000000      0x48f libgcc/libgcc.a(unwind-arm.o)
 .debug_loc     0x0000000000000000     0x18d0 libgcc/libgcc.a(unwind-arm.o)
 .debug_aranges
                0x0000000000000000       0x20 libgcc/libgcc.a(unwind-arm.o)
 .debug_ranges  0x0000000000000000      0x138 libgcc/libgcc.a(unwind-arm.o)
 .debug_line    0x0000000000000000      0x538 libgcc/libgcc.a(unwind-arm.o)
 .debug_str     0x0000000000000000      0xb7f libgcc/libgcc.a(unwind-arm.o)
 .comment       0x0000000000000000       0x12 libgcc/libgcc.a(unwind-arm.o)
 .ARM.attributes
                0x0000000000000000       0x30 libgcc/libgcc.a(unwind-arm.o)
 .debug_frame   0x0000000000000000      0x290 libgcc/libgcc.a(unwind-arm.o)
 .ARM.attributes
                0x0000000000000000       0x1c libgcc/libgcc.a(libunwind.o)
 .debug_line    0x0000000000000000       0xaf libgcc/libgcc.a(libunwind.o)
 .debug_info    0x0000000000000000       0x99 libgcc/libgcc.a(libunwind.o)
 .debug_abbrev  0x0000000000000000       0x14 libgcc/libgcc.a(libunwind.o)
 .debug_aranges
                0x0000000000000000       0x20 libgcc/libgcc.a(libunwind.o)
 .debug_info    0x0000000000000000      0xa5b libgcc/libgcc.a(pr-support.o)
 .debug_abbrev  0x0000000000000000      0x26c libgcc/libgcc.a(pr-support.o)
 .debug_loc     0x0000000000000000      0x652 libgcc/libgcc.a(pr-support.o)
 .debug_aranges
                0x0000000000000000       0x20 libgcc/libgcc.a(pr-support.o)
 .debug_ranges  0x0000000000000000       0x48 libgcc/libgcc.a(pr-support.o)
 .debug_line    0x0000000000000000      0x1c4 libgcc/libgcc.a(pr-support.o)
 .debug_str     0x0000000000000000      0x4de libgcc/libgcc.a(pr-support.o)
 .comment       0x0000000000000000       0x12 libgcc/libgcc.a(pr-support.o)
 .ARM.attributes
                0x0000000000000000       0x30 libgcc/libgcc.a(pr-support.o)
 .debug_frame   0x0000000000000000       0xe4 libgcc/libgcc.a(pr-support.o)
 .ARM.attributes
                0x0000000000000000       0x18 libgcc/libgcc.a(_clzsi2.o)
 .debug_line    0x0000000000000000       0x6e libgcc/libgcc.a(_clzsi2.o)
 .debug_info    0x0000000000000000       0x99 libgcc/libgcc.a(_clzsi2.o)
 .debug_abbrev  0x0000000000000000       0x14 libgcc/libgcc.a(_clzsi2.o)
 .debug_aranges
                0x0000000000000000       0x20 libgcc/libgcc.a(_clzsi2.o)

Memory Configuration

Name             Origin             Length             Attributes
*default*        0x0000000000000000 0xffffffffffffffff

Linker script and memory map

LOAD build/contextSwitch.o
LOAD build/drawing.o
LOAD build/frameBufferInfo.o
LOAD build/gpioFunction.o
LOAD build/interruptsHandlers.o
LOAD build/mailbox.o
LOAD build/memoryCopy.o
LOAD build/start.o
LOAD build/bitmap.o
LOAD build/console.o
LOAD build/debug.o
LOAD build/framebuffer.o
LOAD build/gpio.o
LOAD build/hash.o
LOAD build/init.o
LOAD build/list.o
LOAD build/interrupt.o
LOAD build/malloc.o
LOAD build/palloc.o
LOAD build/random.o
LOAD build/serial.o
LOAD build/stdio.o
LOAD build/stdlib.o
LOAD build/string.o
LOAD build/synch.o
LOAD build/timer.o
LOAD build/thread.o
LOAD build/video.o

.init           0x0000000000008000       0x8c
 *(.init)
 .init          0x0000000000008000       0x8c build/start.o
                0x0000000000008000                _start

.text           0x000000000000808c     0xdbe0
 *(.text)
 .text          0x000000000000808c       0xd4 build/contextSwitch.o
                0x000000000000808c                save_context
                0x00000000000080e8                save_and_switch_context
 .text          0x0000000000008160      0x178 build/drawing.o
                0x0000000000008160                SetForeColour
                0x0000000000008178                GetForeColour
                0x0000000000008184                SetGraphicsAddress
                0x0000000000008190                GetGraphicsAddress
                0x000000000000819c                DrawPixel
                0x00000000000081e4                DrawLine
                0x0000000000008260                DrawCharacter
 .text          0x00000000000082d8       0x60 build/frameBufferInfo.o
                0x00000000000082d8                InitialiseFrameBuffer
 .text          0x0000000000008338       0x98 build/gpioFunction.o
                0x0000000000008338                GetGpioAddress
                0x0000000000008340                SetGpioFunction
                0x0000000000008390                SetGpio
 .text          0x00000000000083d0      0x130 build/interruptsHandlers.o
                0x00000000000083d0                print_executing_interrupt
                0x00000000000083e0                generate_swi_interrupt
                0x00000000000083e8                swi_handler_int
                0x000000000000844c                irq_handler_int
                0x00000000000084ac                get_cpsr_value
                0x00000000000084b4                enable_irq_interruptions
                0x00000000000084c4                disable_irq_interruptions
                0x00000000000084d4                enable_fiq_interruptions
                0x00000000000084e4                disable_fiq_interruptions
                0x00000000000084f4                get_current_sp
 .text          0x0000000000008500       0x6c build/mailbox.o
                0x0000000000008500                GetMailboxBase
                0x0000000000008508                MailboxRead
                0x000000000000853c                MailboxWrite
 .text          0x000000000000856c       0x70 build/memoryCopy.o
                0x000000000000856c                memory_fastest_copy
                0x00000000000085bc                memory_fast_copy
 .text          0x00000000000085dc        0x0 build/start.o
 .text          0x00000000000085dc      0x9e4 build/bitmap.o
                0x000000000000868c                bitmap_create
                0x0000000000008730                bitmap_create_in_buf
                0x00000000000087c0                bitmap_buf_size
                0x00000000000087ec                bitmap_destroy
                0x0000000000008828                bitmap_size
                0x0000000000008850                bitmap_set
                0x00000000000088f0                bitmap_test
                0x00000000000089a4                bitmap_set_all
                0x0000000000008a0c                bitmap_set_multiple
                0x0000000000008afc                bitmap_mark
                0x0000000000008b68                bitmap_reset
                0x0000000000008bd8                bitmap_contains
                0x0000000000008ce0                bitmap_any
                0x0000000000008d1c                bitmap_none
                0x0000000000008d78                bitmap_all
                0x0000000000008dd4                bitmap_scan
                0x0000000000008ef4                bitmap_scan_and_flip
                0x0000000000008f78                bitmap_dump
 .text          0x0000000000008fc0      0x3dc build/console.o
                0x0000000000008fc0                console_init
                0x0000000000008fe8                console_panic
                0x000000000000900c                console_print_stats
                0x000000000000917c                vprintf
                0x00000000000091c8                puts
                0x0000000000009228                putbuf
                0x0000000000009294                putchar
 .text          0x000000000000939c      0x128 build/debug.o
                0x000000000000939c                debug_panic
                0x0000000000009420                debug_print_bits_int
                0x000000000000949c                abort
 .text          0x00000000000094c4       0x58 build/framebuffer.o
                0x00000000000094c4                framebuffer_init
 .text          0x000000000000951c       0x50 build/gpio.o
                0x000000000000951c                gpio_enable_function
                0x0000000000009544                gpio_set_register
 .text          0x000000000000956c      0xc50 build/hash.o
                0x000000000000956c                hash_init
                0x000000000000961c                hash_clear
                0x00000000000096f0                hash_destroy
                0x0000000000009734                hash_insert
                0x00000000000097a0                hash_replace
                0x0000000000009818                hash_find
                0x000000000000985c                hash_delete
                0x00000000000098c4                hash_apply
                0x00000000000099b0                hash_first
                0x0000000000009a5c                hash_next
                0x0000000000009b78                hash_cur
                0x0000000000009ba0                hash_size
                0x0000000000009bc8                hash_empty
                0x0000000000009c00                hash_bytes
                0x0000000000009cbc                hash_string
                0x0000000000009d5c                hash_int
 .text          0x000000000000a1bc      0x324 build/init.o
                0x000000000000a1e8                init
                0x000000000000a464                process_cmd
 .text          0x000000000000a4e0     0x128c build/list.o
                0x000000000000a600                list_init
                0x000000000000a678                list_begin
                0x000000000000a6c8                list_next
                0x000000000000a734                list_end
                0x000000000000a784                list_rbegin
                0x000000000000a7d4                list_prev
                0x000000000000a840                list_rend
                0x000000000000a88c                list_head
                0x000000000000a8d8                list_tail
                0x000000000000a928                list_insert
                0x000000000000a9e4                list_splice
                0x000000000000ab20                list_push_front
                0x000000000000ab54                list_push_back
                0x000000000000ab88                list_remove
                0x000000000000ac08                list_pop_front
                0x000000000000ac3c                list_pop_back
                0x000000000000ac70                list_front
                0x000000000000acd0                list_back
                0x000000000000ad34                list_size
                0x000000000000ad9c                list_empty
                0x000000000000ae28                list_reverse
                0x000000000000b23c                list_sort
                0x000000000000b3d0                list_insert_ordered
                0x000000000000b4d8                list_unique
                0x000000000000b61c                list_max
                0x000000000000b6c4                list_min
 .text          0x000000000000b76c      0x9cc build/interrupt.o
                0x000000000000b76c                interrupts_init
                0x000000000000b814                interrupts_register_irq
                0x000000000000b894                interrupts_register_swi
                0x000000000000b8d4                interrupts_get_irq_name
                0x000000000000b92c                interrupts_get_swi_name
                0x000000000000b950                interrupts_get_level
                0x000000000000b988                interrupts_set_level
                0x000000000000b9c8                interrupts_enable
                0x000000000000b9f4                interrupts_disable
                0x000000000000ba20                interrupts_print_status
                0x000000000000babc                interrupts_context
                0x000000000000bae0                interrupts_was_irq_generated
                0x000000000000bb04                interrupts_yield_on_return
                0x000000000000bb28                interrupts_dispatch_irq
                0x000000000000bd70                interrupts_dispatch_swi
                0x000000000000be24                interrupts_debug
 .text          0x000000000000c138      0x8b8 build/malloc.o
                0x000000000000c190                malloc_init
                0x000000000000c29c                malloc
                0x000000000000c500                calloc
                0x000000000000c5f8                realloc
                0x000000000000c698                free
 .text          0x000000000000c9f0      0x57c build/palloc.o
                0x000000000000ca44                palloc_init
                0x000000000000cb18                palloc_get_multiple
                0x000000000000cc4c                palloc_get_page
                0x000000000000cc80                palloc_free_multiple
                0x000000000000cdec                palloc_free_page
 .text          0x000000000000cf6c      0x2cc build/random.o
                0x000000000000cfb4                random_init
                0x000000000000d0d0                random_bytes
                0x000000000000d20c                random_ulong
 .text          0x000000000000d238      0x32c build/serial.o
                0x000000000000d238                serial_init
                0x000000000000d248                serial_putc
                0x000000000000d270                serial_flush
                0x000000000000d284                serial_notify
                0x000000000000d32c                uart_init
                0x000000000000d3ec                uart_putc_helper
                0x000000000000d43c                uart_putc
                0x000000000000d484                uart_getc
                0x000000000000d4c8                uart_write
                0x000000000000d524                uart_puts
                0x000000000000d554                test_serial
 .text          0x000000000000d564     0x17b8 build/stdio.o
                0x000000000000d5ec                vsnprintf
                0x000000000000d6f4                snprintf
                0x000000000000d744                printf
                0x000000000000d784                __vprintf
                0x000000000000e968                __printf
                0x000000000000e9ac                hex_dump
                0x000000000000ec64                print_human_readable_size
 .text          0x000000000000ed1c      0x768 build/stdlib.o
                0x000000000000edd4                atoi
                0x000000000000ef60                qsort
                0x000000000000f1f0                sort
                0x000000000000f33c                bsearch
                0x000000000000f390                binary_search
 .text          0x000000000000f484      0xd9c build/string.o
                0x000000000000f484                memcpy
                0x000000000000f578                memmove
                0x000000000000f6f0                memcmp
                0x000000000000f814                strcmp
                0x000000000000f918                memchr
                0x000000000000f9e0                strchr
                0x000000000000fa78                strcspn
                0x000000000000fafc                strpbrk
                0x000000000000fb68                strrchr
                0x000000000000fbdc                strspn
                0x000000000000fc60                strstr
                0x000000000000fd14                strtok_r
                0x000000000000fe8c                memset
                0x000000000000ff44                strlen
                0x000000000000ffc4                strnlen
                0x000000000001002c                strlcpy
                0x0000000000010104                strlcat
 .text          0x0000000000010220      0x954 build/synch.o
                0x0000000000010220                sema_init
                0x0000000000010284                sema_down
                0x0000000000010358                sema_try_down
                0x00000000000103f4                sema_up
                0x00000000000104ac                sema_self_test
                0x000000000001059c                lock_init
                0x0000000000010600                lock_acquire
                0x00000000000106c0                lock_try_acquire
                0x0000000000010770                lock_release
                0x00000000000107f8                lock_held_by_current_thread
                0x0000000000010860                cond_init
                0x00000000000108b4                cond_wait
                0x00000000000109c4                cond_signal
                0x0000000000010ad0                cond_broadcast
 .text          0x0000000000010b74      0x1e8 build/timer.o
                0x0000000000010b74                timer_init
                0x0000000000010bb4                timer_get_timestamp
                0x0000000000010bdc                timer_msleep
 .text          0x0000000000010d5c     0x1508 build/thread.o
                0x0000000000010d88                thread_init
                0x0000000000011028                thread_start
                0x0000000000011078                thread_tick
                0x0000000000011130                thread_print_stats
                0x000000000001117c                thread_create
                0x0000000000011344                thread_block
                0x00000000000113c8                thread_unblock
                0x0000000000011478                thread_name
                0x0000000000011494                thread_current
                0x0000000000011518                thread_tid
                0x0000000000011534                thread_exit
                0x00000000000116ec                thread_yield
                0x0000000000011aa0                thread_schedule_tail
                0x0000000000011b94                thread_foreach
                0x0000000000011c3c                thread_set_priority
                0x0000000000011c64                thread_get_priority
                0x0000000000011c80                thread_set_nice
                0x0000000000011c9c                thread_get_nice
                0x0000000000011cb8                thread_get_load_avg
                0x0000000000011cd4                thread_get_recent_cpu
                0x0000000000012008                thread_wait
 .text          0x0000000000012264      0x9ac build/video.o
                0x0000000000012264                video_init
                0x00000000000122e0                video_clean
                0x0000000000012394                video_putc
 .text          0x0000000000012c10      0x114 libgcc/libgcc.a(_udivsi3.o)
                0x0000000000012c10                __udivsi3
                0x0000000000012c10                __aeabi_uidiv
                0x0000000000012d04                __aeabi_uidivmod
 .text          0x0000000000012d24      0x148 libgcc/libgcc.a(_divsi3.o)
                0x0000000000012d24                __aeabi_idiv
                0x0000000000012d24                __divsi3
                0x0000000000012e4c                __aeabi_idivmod
 .text          0x0000000000012e6c        0x4 libgcc/libgcc.a(_dvmd_tls.o)
                0x0000000000012e6c                __aeabi_ldiv0
                0x0000000000012e6c                __aeabi_idiv0
 .text          0x0000000000012e70       0x3c libgcc/libgcc.a(_aeabi_uldivmod.o)
                0x0000000000012e70                __aeabi_uldivmod
 .text          0x0000000000012eac       0x84 libgcc/libgcc.a(bpabi.o)
                0x0000000000012eac                __gnu_ldivmod_helper
                0x0000000000012ef0                __gnu_uldivmod_helper
 .text          0x0000000000012f30      0x4f8 libgcc/libgcc.a(_divdi3.o)
                0x0000000000012f30                __divdi3
 .text          0x0000000000013428      0x498 libgcc/libgcc.a(_udivdi3.o)
                0x0000000000013428                __udivdi3
 .text          0x00000000000138c0      0xfb0 libgcc/libgcc.a(unwind-arm.o)
                0x0000000000013d48                _Unwind_GetCFA
                0x0000000000013d50                __gnu_Unwind_RaiseException
                0x0000000000013dfc                __gnu_Unwind_ForcedUnwind
                0x0000000000013e20                __gnu_Unwind_Resume
                0x0000000000013e98                __gnu_Unwind_Resume_or_Rethrow
                0x0000000000013eb8                _Unwind_Complete
                0x0000000000013ebc                _Unwind_DeleteException
                0x0000000000013ee0                _Unwind_VRS_Get
                0x0000000000013f54                _Unwind_VRS_Set
                0x00000000000143f8                __aeabi_unwind_cpp_pr2
                0x0000000000014400                __aeabi_unwind_cpp_pr1
                0x0000000000014408                __aeabi_unwind_cpp_pr0
                0x0000000000014410                __gnu_Unwind_Backtrace
                0x00000000000144dc                _Unwind_VRS_Pop
 .text          0x0000000000014870      0x1b0 libgcc/libgcc.a(libunwind.o)
                0x0000000000014870                __restore_core_regs
                0x0000000000014870                restore_core_regs
                0x000000000001488c                __gnu_Unwind_Restore_VFP
                0x0000000000014894                __gnu_Unwind_Save_VFP
                0x000000000001489c                __gnu_Unwind_Restore_VFP_D
                0x00000000000148a4                __gnu_Unwind_Save_VFP_D
                0x00000000000148ac                __gnu_Unwind_Restore_VFP_D_16_to_31
                0x00000000000148b4                __gnu_Unwind_Save_VFP_D_16_to_31
                0x00000000000148bc                __gnu_Unwind_Restore_WMMXD
                0x0000000000014900                __gnu_Unwind_Save_WMMXD
                0x0000000000014944                __gnu_Unwind_Restore_WMMXC
                0x0000000000014958                __gnu_Unwind_Save_WMMXC
                0x000000000001496c                _Unwind_RaiseException
                0x000000000001496c                ___Unwind_RaiseException
                0x0000000000014990                ___Unwind_Resume
                0x0000000000014990                _Unwind_Resume
                0x00000000000149b4                ___Unwind_Resume_or_Rethrow
                0x00000000000149b4                _Unwind_Resume_or_Rethrow
                0x00000000000149d8                _Unwind_ForcedUnwind
                0x00000000000149d8                ___Unwind_ForcedUnwind
                0x00000000000149fc                _Unwind_Backtrace
                0x00000000000149fc                ___Unwind_Backtrace
 .text          0x0000000000014a20      0x53c libgcc/libgcc.a(pr-support.o)
                0x0000000000014ab4                __gnu_unwind_execute
                0x0000000000014ed0                __gnu_unwind_frame
                0x0000000000014f18                _Unwind_GetRegionStart
                0x0000000000014f2c                _Unwind_GetLanguageSpecificData
                0x0000000000014f4c                _Unwind_GetDataRelBase
                0x0000000000014f54                _Unwind_GetTextRelBase
 .text          0x0000000000014f5c       0x48 libgcc/libgcc.a(_clzsi2.o)
                0x0000000000014f5c                __clzsi2
 *(.rodata)
 .rodata        0x0000000000014fa4       0x98 build/bitmap.o
 .rodata        0x000000000001503c       0x64 build/console.o
 .rodata        0x00000000000150a0       0x70 build/debug.o
 .rodata        0x0000000000015110       0x6c build/hash.o
 .rodata        0x000000000001517c       0xc0 build/init.o
 .rodata        0x000000000001523c      0x11c build/list.o
 .rodata        0x0000000000015358      0x184 build/interrupt.o
 .rodata        0x00000000000154dc       0x78 build/malloc.o
 .rodata        0x0000000000015554       0xf8 build/palloc.o
 .rodata        0x000000000001564c      0x134 build/stdio.o
 .rodata        0x0000000000015780       0x34 build/stdlib.o
 .rodata        0x00000000000157b4       0x80 build/string.o
 .rodata        0x0000000000015834       0xf0 build/synch.o
 .rodata        0x0000000000015924       0x30 build/timer.o
 .rodata        0x0000000000015954      0x318 build/thread.o

.data           0x0000000000016000     0x2060
 *(.data)
 .data          0x0000000000016000        0x0 build/contextSwitch.o
 .data          0x0000000000016000      0x810 build/drawing.o
 *fill*         0x0000000000016810      0x7f0 
 .data          0x0000000000017000     0x1000 build/frameBufferInfo.o
                0x0000000000017000                FrameBufferInfo
 .data          0x0000000000018000        0x0 build/gpioFunction.o
 .data          0x0000000000018000       0x40 build/interruptsHandlers.o
                0x0000000000018000                exec_int_msg
 .data          0x0000000000018040        0x0 build/mailbox.o
 .data          0x0000000000018040        0x0 build/memoryCopy.o
 .data          0x0000000000018040        0x0 build/start.o
 .data          0x0000000000018040        0x0 build/bitmap.o
 .data          0x0000000000018040        0x0 build/console.o
 .data          0x0000000000018040        0x0 build/debug.o
 .data          0x0000000000018040        0x0 build/framebuffer.o
 .data          0x0000000000018040        0x0 build/gpio.o
 .data          0x0000000000018040        0x0 build/hash.o
 .data          0x0000000000018040        0x4 build/init.o
 .data          0x0000000000018044        0x0 build/list.o
 .data          0x0000000000018044        0x0 build/interrupt.o
 .data          0x0000000000018044        0x0 build/malloc.o
 .data          0x0000000000018044        0x0 build/palloc.o
 .data          0x0000000000018044        0x0 build/random.o
 .data          0x0000000000018044        0x0 build/serial.o
 .data          0x0000000000018044       0x18 build/stdio.o
 .data          0x000000000001805c        0x0 build/stdlib.o
 .data          0x000000000001805c        0x0 build/string.o
 .data          0x000000000001805c        0x0 build/synch.o
 .data          0x000000000001805c        0x0 build/timer.o
 .data          0x000000000001805c        0x4 build/thread.o
 .data          0x0000000000018060        0x0 build/video.o
 .data          0x0000000000018060        0x0 libgcc/libgcc.a(_udivsi3.o)
 .data          0x0000000000018060        0x0 libgcc/libgcc.a(_divsi3.o)
 .data          0x0000000000018060        0x0 libgcc/libgcc.a(_dvmd_tls.o)
 .data          0x0000000000018060        0x0 libgcc/libgcc.a(_aeabi_uldivmod.o)
 .data          0x0000000000018060        0x0 libgcc/libgcc.a(bpabi.o)
 .data          0x0000000000018060        0x0 libgcc/libgcc.a(_divdi3.o)
 .data          0x0000000000018060        0x0 libgcc/libgcc.a(_udivdi3.o)
 .data          0x0000000000018060        0x0 libgcc/libgcc.a(unwind-arm.o)
 .data          0x0000000000018060        0x0 libgcc/libgcc.a(libunwind.o)
 .data          0x0000000000018060        0x0 libgcc/libgcc.a(pr-support.o)
 .data          0x0000000000018060        0x0 libgcc/libgcc.a(_clzsi2.o)

.bss            0x0000000000018060      0x608
 *(.bss)
 .bss           0x0000000000018060        0x0 build/contextSwitch.o
 .bss           0x0000000000018060        0x0 build/drawing.o
 .bss           0x0000000000018060        0x0 build/frameBufferInfo.o
 .bss           0x0000000000018060        0x0 build/gpioFunction.o
 .bss           0x0000000000018060        0x0 build/interruptsHandlers.o
 .bss           0x0000000000018060        0x0 build/mailbox.o
 .bss           0x0000000000018060        0x0 build/memoryCopy.o
 .bss           0x0000000000018060        0x0 build/start.o
 .bss           0x0000000000018060        0x0 build/bitmap.o
 .bss           0x0000000000018060       0x28 build/console.o
 .bss           0x0000000000018088        0x0 build/debug.o
 .bss           0x0000000000018088        0x0 build/framebuffer.o
 .bss           0x0000000000018088        0x0 build/gpio.o
 .bss           0x0000000000018088        0x0 build/hash.o
 .bss           0x0000000000018088       0x18 build/init.o
 .bss           0x00000000000180a0        0x0 build/list.o
 .bss           0x00000000000180a0      0x20c build/interrupt.o
 .bss           0x00000000000182ac      0x1e4 build/malloc.o
 .bss           0x0000000000018490       0x40 build/palloc.o
 .bss           0x00000000000184d0      0x104 build/random.o
 .bss           0x00000000000185d4        0x0 build/serial.o
 .bss           0x00000000000185d4        0x0 build/stdio.o
 .bss           0x00000000000185d4        0x0 build/stdlib.o
 .bss           0x00000000000185d4        0x0 build/string.o
 .bss           0x00000000000185d4        0x0 build/synch.o
 .bss           0x00000000000185d4        0x0 build/timer.o
 *fill*         0x00000000000185d4        0x4 
 .bss           0x00000000000185d8       0x70 build/thread.o
 .bss           0x0000000000018648       0x20 build/video.o
 .bss           0x0000000000018668        0x0 libgcc/libgcc.a(_udivsi3.o)
 .bss           0x0000000000018668        0x0 libgcc/libgcc.a(_divsi3.o)
 .bss           0x0000000000018668        0x0 libgcc/libgcc.a(_dvmd_tls.o)
 .bss           0x0000000000018668        0x0 libgcc/libgcc.a(_aeabi_uldivmod.o)
 .bss           0x0000000000018668        0x0 libgcc/libgcc.a(bpabi.o)
 .bss           0x0000000000018668        0x0 libgcc/libgcc.a(_divdi3.o)
 .bss           0x0000000000018668        0x0 libgcc/libgcc.a(_udivdi3.o)
 .bss           0x0000000000018668        0x0 libgcc/libgcc.a(unwind-arm.o)
 .bss           0x0000000000018668        0x0 libgcc/libgcc.a(libunwind.o)
 .bss           0x0000000000018668        0x0 libgcc/libgcc.a(pr-support.o)
 .bss           0x0000000000018668        0x0 libgcc/libgcc.a(_clzsi2.o)

.ARM.extab      0x0000000000018668       0x30
 *(.ARM.extab* .gnu.linkonce.armextab.*)
 .ARM.extab     0x0000000000018668        0x0 libgcc/libgcc.a(_divdi3.o)
 .ARM.extab     0x0000000000018668        0x0 libgcc/libgcc.a(_udivdi3.o)
 .ARM.extab     0x0000000000018668       0x18 libgcc/libgcc.a(unwind-arm.o)
 .ARM.extab     0x0000000000018680       0x18 libgcc/libgcc.a(pr-support.o)
                0x0000000000018698                __exidx_start = .

.ARM.exidx      0x0000000000018698       0xd0
 *(.ARM.exidx* .gnu.linkonce.armexidx.*)
 .ARM.exidx     0x0000000000018698        0x8 libgcc/libgcc.a(_divdi3.o)
 .ARM.exidx     0x00000000000186a0        0x0 libgcc/libgcc.a(_udivdi3.o)
                                          0x8 (size before relaxing)
 .ARM.exidx     0x00000000000186a0       0x90 libgcc/libgcc.a(unwind-arm.o)
                                         0xd8 (size before relaxing)
 .ARM.exidx     0x0000000000018730       0x38 libgcc/libgcc.a(pr-support.o)
                                         0x48 (size before relaxing)
                0x0000000000018768                __exidx_end = .

/DISCARD/
 *(*)
LOAD libgcc/libgcc.a
OUTPUT(build/output.elf elf32-littlearm)
